11:25:19 **** Incremental Build of configuration Debug for project zc_led ****
make all 
E:/xilinx/Vitis/2021.2/gnuwin/bin/make --no-print-directory pre-build
a9-linaro-pre-build-step
' '
E:/xilinx/Vitis/2021.2/gnuwin/bin/make --no-print-directory main-build
'Building file: ../src/main.c'
'Invoking: ARM v7 gcc compiler'
arm-none-eabi-gcc -Wall -O0 -g3 -c -fmessage-length=0 -MT"src/main.o" -mcpu=cortex-a9 -mfpu=vfpv3 -mfloat-abi=hard -IF:/zc706/vitis/zc706/export/zc706/sw/zc706/standalone_ps7_cortexa9_0/bspinclude/include -MMD -MP -MF"src/main.d" -MT"src/main.o" -o "src/main.o" "../src/main.c"
../src/main.c: In function 'main':
../src/main.c:15:9: warning: unused variable 'Status' [-Wunused-variable]
   15 |     int Status;
      |         ^~~~~~
'Finished building: ../src/main.c'
' '
'Building target: zc_led.elf'
'Invoking: ARM v7 gcc linker'
arm-none-eabi-gcc -mcpu=cortex-a9 -mfpu=vfpv3 -mfloat-abi=hard -Wl,-build-id=none -specs=Xilinx.spec -Wl,-T -Wl,../src/lscript.ld -LF:/zc706/vitis/zc706/export/zc706/sw/zc706/standalone_ps7_cortexa9_0/bsplib/lib -o "zc_led.elf"  ./src/main.o   -Wl,--start-group,-lxil,-lgcc,-lc,--end-group
'Finished building target: zc_led.elf'
' '
'Invoking: ARM v7 Print Size'
arm-none-eabi-size zc_led.elf  |tee "zc_led.elf.size"
   text	   data	    bss	    dec	    hex	filename
  25662	   1152	  22616	  49430	   c116	zc_led.elf
'Finished building: zc_led.elf.size'
' '

11:25:21 Build Finished (took 1s.470ms)

