Copyright 1986-2021 Xilinx, Inc. All Rights Reserved.
-------------------------------------------------------------------------------------------------------------------------------------
| Tool Version : Vivado v.2021.2 (win64) Build 3367213 Tue Oct 19 02:48:09 MDT 2021
| Date         : Thu Jan  8 17:56:56 2026
| Host         : wgq running 64-bit major release  (build 9200)
| Command      : report_utilization -file design_1_axi_vdma_0_0_utilization_synth.rpt -pb design_1_axi_vdma_0_0_utilization_synth.pb
| Design       : design_1_axi_vdma_0_0
| Device       : xc7z045ffg900-2
| Speed File   : -2
| Design State : Synthesized
-------------------------------------------------------------------------------------------------------------------------------------

Utilization Design Information

Table of Contents
-----------------
1. Slice Logic
1.1 Summary of Registers by Type
2. Memory
3. DSP
4. IO and GT Specific
5. Clocking
6. Specific Feature
7. Primitives
8. Black Boxes
9. Instantiated Netlists

1. Slice Logic
--------------

+----------------------------+------+-------+------------+-----------+-------+
|          Site Type         | Used | Fixed | Prohibited | Available | Util% |
+----------------------------+------+-------+------------+-----------+-------+
| Slice LUTs*                | 2560 |     0 |          0 |    218600 |  1.17 |
|   LUT as Logic             | 2368 |     0 |          0 |    218600 |  1.08 |
|   LUT as Memory            |  192 |     0 |          0 |     70400 |  0.27 |
|     LUT as Distributed RAM |   12 |     0 |            |           |       |
|     LUT as Shift Register  |  180 |     0 |            |           |       |
| Slice Registers            | 4452 |     0 |          0 |    437200 |  1.02 |
|   Register as Flip Flop    | 4452 |     0 |          0 |    437200 |  1.02 |
|   Register as Latch        |    0 |     0 |          0 |    437200 |  0.00 |
| F7 Muxes                   |  195 |     0 |          0 |    109300 |  0.18 |
| F8 Muxes                   |   68 |     0 |          0 |     54650 |  0.12 |
+----------------------------+------+-------+------------+-----------+-------+
* Warning! The Final LUT count, after physical optimizations and full implementation, is typically lower. Run opt_design after synthesis, if not already completed, for a more realistic count.


1.1 Summary of Registers by Type
--------------------------------

+-------+--------------+-------------+--------------+
| Total | Clock Enable | Synchronous | Asynchronous |
+-------+--------------+-------------+--------------+
| 0     |            _ |           - |            - |
| 0     |            _ |           - |          Set |
| 0     |            _ |           - |        Reset |
| 0     |            _ |         Set |            - |
| 0     |            _ |       Reset |            - |
| 0     |          Yes |           - |            - |
| 0     |          Yes |           - |          Set |
| 0     |          Yes |           - |        Reset |
| 80    |          Yes |         Set |            - |
| 4372  |          Yes |       Reset |            - |
+-------+--------------+-------------+--------------+


2. Memory
---------

+-------------------+------+-------+------------+-----------+-------+
|     Site Type     | Used | Fixed | Prohibited | Available | Util% |
+-------------------+------+-------+------------+-----------+-------+
| Block RAM Tile    |    9 |     0 |          0 |       545 |  1.65 |
|   RAMB36/FIFO*    |    8 |     0 |          0 |       545 |  1.47 |
|     RAMB36E1 only |    8 |       |            |           |       |
|   RAMB18          |    2 |     0 |          0 |      1090 |  0.18 |
|     RAMB18E1 only |    2 |       |            |           |       |
+-------------------+------+-------+------------+-----------+-------+
* Note: Each Block RAM Tile only has one FIFO logic available and therefore can accommodate only one FIFO36E1 or one FIFO18E1. However, if a FIFO18E1 occupies a Block RAM Tile, that tile can still accommodate a RAMB18E1


3. DSP
------

+-----------+------+-------+------------+-----------+-------+
| Site Type | Used | Fixed | Prohibited | Available | Util% |
+-----------+------+-------+------------+-----------+-------+
| DSPs      |    0 |     0 |          0 |       900 |  0.00 |
+-----------+------+-------+------------+-----------+-------+


4. IO and GT Specific
---------------------

+-----------------------------+------+-------+------------+-----------+-------+
|          Site Type          | Used | Fixed | Prohibited | Available | Util% |
+-----------------------------+------+-------+------------+-----------+-------+
| Bonded IOB                  |    0 |     0 |          0 |       362 |  0.00 |
| Bonded IPADs                |    0 |     0 |          0 |        50 |  0.00 |
| Bonded OPADs                |    0 |     0 |          0 |        32 |  0.00 |
| Bonded IOPADs               |    0 |     0 |          0 |       130 |  0.00 |
| PHY_CONTROL                 |    0 |     0 |          0 |         8 |  0.00 |
| PHASER_REF                  |    0 |     0 |          0 |         8 |  0.00 |
| OUT_FIFO                    |    0 |     0 |          0 |        32 |  0.00 |
| IN_FIFO                     |    0 |     0 |          0 |        32 |  0.00 |
| IDELAYCTRL                  |    0 |     0 |          0 |         8 |  0.00 |
| IBUFDS                      |    0 |     0 |          0 |       348 |  0.00 |
| GTXE2_COMMON                |    0 |     0 |          0 |         4 |  0.00 |
| GTXE2_CHANNEL               |    0 |     0 |          0 |        16 |  0.00 |
| PHASER_OUT/PHASER_OUT_PHY   |    0 |     0 |          0 |        32 |  0.00 |
| PHASER_IN/PHASER_IN_PHY     |    0 |     0 |          0 |        32 |  0.00 |
| IDELAYE2/IDELAYE2_FINEDELAY |    0 |     0 |          0 |       400 |  0.00 |
| ODELAYE2/ODELAYE2_FINEDELAY |    0 |     0 |          0 |       150 |  0.00 |
| IBUFDS_GTE2                 |    0 |     0 |          0 |         8 |  0.00 |
| ILOGIC                      |    0 |     0 |          0 |       362 |  0.00 |
| OLOGIC                      |    0 |     0 |          0 |       362 |  0.00 |
+-----------------------------+------+-------+------------+-----------+-------+


5. Clocking
-----------

+------------+------+-------+------------+-----------+-------+
|  Site Type | Used | Fixed | Prohibited | Available | Util% |
+------------+------+-------+------------+-----------+-------+
| BUFGCTRL   |    0 |     0 |          0 |        32 |  0.00 |
| BUFIO      |    0 |     0 |          0 |        32 |  0.00 |
| MMCME2_ADV |    0 |     0 |          0 |         8 |  0.00 |
| PLLE2_ADV  |    0 |     0 |          0 |         8 |  0.00 |
| BUFMRCE    |    0 |     0 |          0 |        16 |  0.00 |
| BUFHCE     |    0 |     0 |          0 |       168 |  0.00 |
| BUFR       |    0 |     0 |          0 |        32 |  0.00 |
+------------+------+-------+------------+-----------+-------+


6. Specific Feature
-------------------

+-------------+------+-------+------------+-----------+-------+
|  Site Type  | Used | Fixed | Prohibited | Available | Util% |
+-------------+------+-------+------------+-----------+-------+
| BSCANE2     |    0 |     0 |          0 |         4 |  0.00 |
| CAPTUREE2   |    0 |     0 |          0 |         1 |  0.00 |
| DNA_PORT    |    0 |     0 |          0 |         1 |  0.00 |
| EFUSE_USR   |    0 |     0 |          0 |         1 |  0.00 |
| FRAME_ECCE2 |    0 |     0 |          0 |         1 |  0.00 |
| ICAPE2      |    0 |     0 |          0 |         2 |  0.00 |
| PCIE_2_1    |    0 |     0 |          0 |         1 |  0.00 |
| STARTUPE2   |    0 |     0 |          0 |         1 |  0.00 |
| XADC        |    0 |     0 |          0 |         1 |  0.00 |
+-------------+------+-------+------------+-----------+-------+


7. Primitives
-------------

+----------+------+---------------------+
| Ref Name | Used | Functional Category |
+----------+------+---------------------+
| FDRE     | 4372 |        Flop & Latch |
| LUT6     |  929 |                 LUT |
| LUT5     |  443 |                 LUT |
| LUT3     |  398 |                 LUT |
| LUT4     |  298 |                 LUT |
| LUT1     |  262 |                 LUT |
| LUT2     |  248 |                 LUT |
| MUXF7    |  195 |               MuxFx |
| SRL16E   |  180 |  Distributed Memory |
| CARRY4   |   89 |          CarryLogic |
| FDSE     |   80 |        Flop & Latch |
| MUXF8    |   68 |               MuxFx |
| RAMD32   |   16 |  Distributed Memory |
| RAMB36E1 |    8 |        Block Memory |
| RAMS32   |    4 |  Distributed Memory |
| RAMB18E1 |    2 |        Block Memory |
+----------+------+---------------------+


8. Black Boxes
--------------

+----------+------+
| Ref Name | Used |
+----------+------+


9. Instantiated Netlists
------------------------

+----------+------+
| Ref Name | Used |
+----------+------+


