16:35:07 **** Incremental Build of configuration Debug for project zc706_eth_test ****
make all 
E:/xilinx/Vitis/2021.2/gnuwin/bin/make --no-print-directory pre-build
a9-linaro-pre-build-step
' '
E:/xilinx/Vitis/2021.2/gnuwin/bin/make --no-print-directory main-build
'Building file: ../src/task_led.c'
'Invoking: ARM v7 gcc compiler'
arm-none-eabi-gcc -Wall -O0 -g3 -c -fmessage-length=0 -MT"src/task_led.o" -mcpu=cortex-a9 -mfpu=vfpv3 -mfloat-abi=hard -IF:/study_vivado_ps/zc706_eth/vitis/zc706/export/zc706/sw/zc706/freertos_domain/bspinclude/include -MMD -MP -MF"src/task_led.d" -MT"src/task_led.o" -o "src/task_led.o" "../src/task_led.c"
'Finished building: ../src/task_led.c'
' '
'Building target: zc706_eth_test.elf'
'Invoking: ARM v7 gcc linker'
arm-none-eabi-gcc -mcpu=cortex-a9 -mfpu=vfpv3 -mfloat-abi=hard -Wl,-build-id=none -specs=Xilinx.spec -Wl,-T -Wl,../src/lscript.ld -LF:/study_vivado_ps/zc706_eth/vitis/zc706/export/zc706/sw/zc706/freertos_domain/bsplib/lib -o "zc706_eth_test.elf"  ./src/echo.o ./src/iic_phyreset.o ./src/main.o ./src/task_cmd.o ./src/task_led.o   -Wl,--start-group,-lxil,-lfreertos,-lgcc,-lc,--end-group -Wl,--start-group,-lxil,-llwip4,-lgcc,-lc,--end-group
'Finished building target: zc706_eth_test.elf'
' '
'Invoking: ARM v7 Print Size'
arm-none-eabi-size zc706_eth_test.elf  |tee "zc706_eth_test.elf.size"
   text	   data	    bss	    dec	    hex	filename
 183255	   3420	3266624	3453299	 34b173	zc706_eth_test.elf
'Finished building: zc706_eth_test.elf.size'
' '

16:35:09 Build Finished (took 1s.423ms)

