Copyright 1986-2021 Xilinx, Inc. All Rights Reserved.
------------------------------------------------------------------------------------------------------------------------------------------
| Tool Version : Vivado v.2021.2 (win64) Build 3367213 Tue Oct 19 02:48:09 MDT 2021
| Date         : Thu Jan  8 18:02:53 2026
| Host         : wgq running 64-bit major release  (build 9200)
| Command      : report_drc -file design_1_wrapper_drc_routed.rpt -pb design_1_wrapper_drc_routed.pb -rpx design_1_wrapper_drc_routed.rpx
| Design       : design_1_wrapper
| Device       : xc7z045ffg900-2
| Speed File   : -2
| Design State : Fully Routed
------------------------------------------------------------------------------------------------------------------------------------------

Report DRC

Table of Contents
-----------------
1. REPORT SUMMARY
2. REPORT DETAILS

1. REPORT SUMMARY
-----------------
            Netlist: netlist
          Floorplan: design_1
      Design limits: <entire design considered>
           Ruledeck: default
             Max violations: <unlimited>
             Violations found: 177
+-----------+----------+-------------------------+------------+
| Rule      | Severity | Description             | Violations |
+-----------+----------+-------------------------+------------+
| DPIP-1    | Warning  | Input pipelining        | 113        |
| DPOP-1    | Warning  | PREG Output pipelining  | 1          |
| DPOP-2    | Warning  | MREG Output pipelining  | 57         |
| PDCN-1569 | Warning  | LUT equation term check | 5          |
| RTSTAT-10 | Warning  | No routable loads       | 1          |
+-----------+----------+-------------------------+------------+

2. REPORT DETAILS
-----------------
DPIP-1#1 Warning
Input pipelining  
DSP design_1_i/hdmi_test_pattern_0/inst/c_r_init0 input design_1_i/hdmi_test_pattern_0/inst/c_r_init0/A[29:0] is not pipelined. Pipelining DSP48 input will improve performance.
Related violations: <none>

DPIP-1#2 Warning
Input pipelining  
DSP design_1_i/hdmi_test_pattern_0/inst/pipe[10].u_stage/z_i_sq_reg0 input design_1_i/hdmi_test_pattern_0/inst/pipe[10].u_stage/z_i_sq_reg0/A[29:0] is not pipelined. Pipelining DSP48 input will improve performance.
Related violations: <none>

DPIP-1#3 Warning
Input pipelining  
DSP design_1_i/hdmi_test_pattern_0/inst/pipe[10].u_stage/z_i_sq_reg0 input design_1_i/hdmi_test_pattern_0/inst/pipe[10].u_stage/z_i_sq_reg0/B[17:0] is not pipelined. Pipelining DSP48 input will improve performance.
Related violations: <none>

DPIP-1#4 Warning
Input pipelining  
DSP design_1_i/hdmi_test_pattern_0/inst/pipe[10].u_stage/z_mul_reg0 input design_1_i/hdmi_test_pattern_0/inst/pipe[10].u_stage/z_mul_reg0/A[29:0] is not pipelined. Pipelining DSP48 input will improve performance.
Related violations: <none>

DPIP-1#5 Warning
Input pipelining  
DSP design_1_i/hdmi_test_pattern_0/inst/pipe[10].u_stage/z_mul_reg0 input design_1_i/hdmi_test_pattern_0/inst/pipe[10].u_stage/z_mul_reg0/B[17:0] is not pipelined. Pipelining DSP48 input will improve performance.
Related violations: <none>

DPIP-1#6 Warning
Input pipelining  
DSP design_1_i/hdmi_test_pattern_0/inst/pipe[10].u_stage/z_r_sq_reg0 input design_1_i/hdmi_test_pattern_0/inst/pipe[10].u_stage/z_r_sq_reg0/A[29:0] is not pipelined. Pipelining DSP48 input will improve performance.
Related violations: <none>

DPIP-1#7 Warning
Input pipelining  
DSP design_1_i/hdmi_test_pattern_0/inst/pipe[10].u_stage/z_r_sq_reg0 input design_1_i/hdmi_test_pattern_0/inst/pipe[10].u_stage/z_r_sq_reg0/B[17:0] is not pipelined. Pipelining DSP48 input will improve performance.
Related violations: <none>

DPIP-1#8 Warning
Input pipelining  
DSP design_1_i/hdmi_test_pattern_0/inst/pipe[11].u_stage/z_i_sq_reg0 input design_1_i/hdmi_test_pattern_0/inst/pipe[11].u_stage/z_i_sq_reg0/A[29:0] is not pipelined. Pipelining DSP48 input will improve performance.
Related violations: <none>

DPIP-1#9 Warning
Input pipelining  
DSP design_1_i/hdmi_test_pattern_0/inst/pipe[11].u_stage/z_i_sq_reg0 input design_1_i/hdmi_test_pattern_0/inst/pipe[11].u_stage/z_i_sq_reg0/B[17:0] is not pipelined. Pipelining DSP48 input will improve performance.
Related violations: <none>

DPIP-1#10 Warning
Input pipelining  
DSP design_1_i/hdmi_test_pattern_0/inst/pipe[11].u_stage/z_mul_reg0 input design_1_i/hdmi_test_pattern_0/inst/pipe[11].u_stage/z_mul_reg0/A[29:0] is not pipelined. Pipelining DSP48 input will improve performance.
Related violations: <none>

DPIP-1#11 Warning
Input pipelining  
DSP design_1_i/hdmi_test_pattern_0/inst/pipe[11].u_stage/z_mul_reg0 input design_1_i/hdmi_test_pattern_0/inst/pipe[11].u_stage/z_mul_reg0/B[17:0] is not pipelined. Pipelining DSP48 input will improve performance.
Related violations: <none>

DPIP-1#12 Warning
Input pipelining  
DSP design_1_i/hdmi_test_pattern_0/inst/pipe[11].u_stage/z_r_sq_reg0 input design_1_i/hdmi_test_pattern_0/inst/pipe[11].u_stage/z_r_sq_reg0/A[29:0] is not pipelined. Pipelining DSP48 input will improve performance.
Related violations: <none>

DPIP-1#13 Warning
Input pipelining  
DSP design_1_i/hdmi_test_pattern_0/inst/pipe[11].u_stage/z_r_sq_reg0 input design_1_i/hdmi_test_pattern_0/inst/pipe[11].u_stage/z_r_sq_reg0/B[17:0] is not pipelined. Pipelining DSP48 input will improve performance.
Related violations: <none>

DPIP-1#14 Warning
Input pipelining  
DSP design_1_i/hdmi_test_pattern_0/inst/pipe[12].u_stage/z_i_sq_reg0 input design_1_i/hdmi_test_pattern_0/inst/pipe[12].u_stage/z_i_sq_reg0/A[29:0] is not pipelined. Pipelining DSP48 input will improve performance.
Related violations: <none>

DPIP-1#15 Warning
Input pipelining  
DSP design_1_i/hdmi_test_pattern_0/inst/pipe[12].u_stage/z_i_sq_reg0 input design_1_i/hdmi_test_pattern_0/inst/pipe[12].u_stage/z_i_sq_reg0/B[17:0] is not pipelined. Pipelining DSP48 input will improve performance.
Related violations: <none>

DPIP-1#16 Warning
Input pipelining  
DSP design_1_i/hdmi_test_pattern_0/inst/pipe[12].u_stage/z_mul_reg0 input design_1_i/hdmi_test_pattern_0/inst/pipe[12].u_stage/z_mul_reg0/A[29:0] is not pipelined. Pipelining DSP48 input will improve performance.
Related violations: <none>

DPIP-1#17 Warning
Input pipelining  
DSP design_1_i/hdmi_test_pattern_0/inst/pipe[12].u_stage/z_mul_reg0 input design_1_i/hdmi_test_pattern_0/inst/pipe[12].u_stage/z_mul_reg0/B[17:0] is not pipelined. Pipelining DSP48 input will improve performance.
Related violations: <none>

DPIP-1#18 Warning
Input pipelining  
DSP design_1_i/hdmi_test_pattern_0/inst/pipe[12].u_stage/z_r_sq_reg0 input design_1_i/hdmi_test_pattern_0/inst/pipe[12].u_stage/z_r_sq_reg0/A[29:0] is not pipelined. Pipelining DSP48 input will improve performance.
Related violations: <none>

DPIP-1#19 Warning
Input pipelining  
DSP design_1_i/hdmi_test_pattern_0/inst/pipe[12].u_stage/z_r_sq_reg0 input design_1_i/hdmi_test_pattern_0/inst/pipe[12].u_stage/z_r_sq_reg0/B[17:0] is not pipelined. Pipelining DSP48 input will improve performance.
Related violations: <none>

DPIP-1#20 Warning
Input pipelining  
DSP design_1_i/hdmi_test_pattern_0/inst/pipe[13].u_stage/z_i_sq_reg0 input design_1_i/hdmi_test_pattern_0/inst/pipe[13].u_stage/z_i_sq_reg0/A[29:0] is not pipelined. Pipelining DSP48 input will improve performance.
Related violations: <none>

DPIP-1#21 Warning
Input pipelining  
DSP design_1_i/hdmi_test_pattern_0/inst/pipe[13].u_stage/z_i_sq_reg0 input design_1_i/hdmi_test_pattern_0/inst/pipe[13].u_stage/z_i_sq_reg0/B[17:0] is not pipelined. Pipelining DSP48 input will improve performance.
Related violations: <none>

DPIP-1#22 Warning
Input pipelining  
DSP design_1_i/hdmi_test_pattern_0/inst/pipe[13].u_stage/z_mul_reg0 input design_1_i/hdmi_test_pattern_0/inst/pipe[13].u_stage/z_mul_reg0/A[29:0] is not pipelined. Pipelining DSP48 input will improve performance.
Related violations: <none>

DPIP-1#23 Warning
Input pipelining  
DSP design_1_i/hdmi_test_pattern_0/inst/pipe[13].u_stage/z_mul_reg0 input design_1_i/hdmi_test_pattern_0/inst/pipe[13].u_stage/z_mul_reg0/B[17:0] is not pipelined. Pipelining DSP48 input will improve performance.
Related violations: <none>

DPIP-1#24 Warning
Input pipelining  
DSP design_1_i/hdmi_test_pattern_0/inst/pipe[13].u_stage/z_r_sq_reg0 input design_1_i/hdmi_test_pattern_0/inst/pipe[13].u_stage/z_r_sq_reg0/A[29:0] is not pipelined. Pipelining DSP48 input will improve performance.
Related violations: <none>

DPIP-1#25 Warning
Input pipelining  
DSP design_1_i/hdmi_test_pattern_0/inst/pipe[13].u_stage/z_r_sq_reg0 input design_1_i/hdmi_test_pattern_0/inst/pipe[13].u_stage/z_r_sq_reg0/B[17:0] is not pipelined. Pipelining DSP48 input will improve performance.
Related violations: <none>

DPIP-1#26 Warning
Input pipelining  
DSP design_1_i/hdmi_test_pattern_0/inst/pipe[14].u_stage/z_i_sq_reg0 input design_1_i/hdmi_test_pattern_0/inst/pipe[14].u_stage/z_i_sq_reg0/A[29:0] is not pipelined. Pipelining DSP48 input will improve performance.
Related violations: <none>

DPIP-1#27 Warning
Input pipelining  
DSP design_1_i/hdmi_test_pattern_0/inst/pipe[14].u_stage/z_i_sq_reg0 input design_1_i/hdmi_test_pattern_0/inst/pipe[14].u_stage/z_i_sq_reg0/B[17:0] is not pipelined. Pipelining DSP48 input will improve performance.
Related violations: <none>

DPIP-1#28 Warning
Input pipelining  
DSP design_1_i/hdmi_test_pattern_0/inst/pipe[14].u_stage/z_mul_reg0 input design_1_i/hdmi_test_pattern_0/inst/pipe[14].u_stage/z_mul_reg0/A[29:0] is not pipelined. Pipelining DSP48 input will improve performance.
Related violations: <none>

DPIP-1#29 Warning
Input pipelining  
DSP design_1_i/hdmi_test_pattern_0/inst/pipe[14].u_stage/z_mul_reg0 input design_1_i/hdmi_test_pattern_0/inst/pipe[14].u_stage/z_mul_reg0/B[17:0] is not pipelined. Pipelining DSP48 input will improve performance.
Related violations: <none>

DPIP-1#30 Warning
Input pipelining  
DSP design_1_i/hdmi_test_pattern_0/inst/pipe[14].u_stage/z_r_sq_reg0 input design_1_i/hdmi_test_pattern_0/inst/pipe[14].u_stage/z_r_sq_reg0/A[29:0] is not pipelined. Pipelining DSP48 input will improve performance.
Related violations: <none>

DPIP-1#31 Warning
Input pipelining  
DSP design_1_i/hdmi_test_pattern_0/inst/pipe[14].u_stage/z_r_sq_reg0 input design_1_i/hdmi_test_pattern_0/inst/pipe[14].u_stage/z_r_sq_reg0/B[17:0] is not pipelined. Pipelining DSP48 input will improve performance.
Related violations: <none>

DPIP-1#32 Warning
Input pipelining  
DSP design_1_i/hdmi_test_pattern_0/inst/pipe[15].u_stage/z_i_sq_reg0 input design_1_i/hdmi_test_pattern_0/inst/pipe[15].u_stage/z_i_sq_reg0/A[29:0] is not pipelined. Pipelining DSP48 input will improve performance.
Related violations: <none>

DPIP-1#33 Warning
Input pipelining  
DSP design_1_i/hdmi_test_pattern_0/inst/pipe[15].u_stage/z_i_sq_reg0 input design_1_i/hdmi_test_pattern_0/inst/pipe[15].u_stage/z_i_sq_reg0/B[17:0] is not pipelined. Pipelining DSP48 input will improve performance.
Related violations: <none>

DPIP-1#34 Warning
Input pipelining  
DSP design_1_i/hdmi_test_pattern_0/inst/pipe[15].u_stage/z_mul_reg0 input design_1_i/hdmi_test_pattern_0/inst/pipe[15].u_stage/z_mul_reg0/A[29:0] is not pipelined. Pipelining DSP48 input will improve performance.
Related violations: <none>

DPIP-1#35 Warning
Input pipelining  
DSP design_1_i/hdmi_test_pattern_0/inst/pipe[15].u_stage/z_mul_reg0 input design_1_i/hdmi_test_pattern_0/inst/pipe[15].u_stage/z_mul_reg0/B[17:0] is not pipelined. Pipelining DSP48 input will improve performance.
Related violations: <none>

DPIP-1#36 Warning
Input pipelining  
DSP design_1_i/hdmi_test_pattern_0/inst/pipe[15].u_stage/z_r_sq_reg0 input design_1_i/hdmi_test_pattern_0/inst/pipe[15].u_stage/z_r_sq_reg0/A[29:0] is not pipelined. Pipelining DSP48 input will improve performance.
Related violations: <none>

DPIP-1#37 Warning
Input pipelining  
DSP design_1_i/hdmi_test_pattern_0/inst/pipe[15].u_stage/z_r_sq_reg0 input design_1_i/hdmi_test_pattern_0/inst/pipe[15].u_stage/z_r_sq_reg0/B[17:0] is not pipelined. Pipelining DSP48 input will improve performance.
Related violations: <none>

DPIP-1#38 Warning
Input pipelining  
DSP design_1_i/hdmi_test_pattern_0/inst/pipe[16].u_stage/z_i_sq_reg0 input design_1_i/hdmi_test_pattern_0/inst/pipe[16].u_stage/z_i_sq_reg0/A[29:0] is not pipelined. Pipelining DSP48 input will improve performance.
Related violations: <none>

DPIP-1#39 Warning
Input pipelining  
DSP design_1_i/hdmi_test_pattern_0/inst/pipe[16].u_stage/z_i_sq_reg0 input design_1_i/hdmi_test_pattern_0/inst/pipe[16].u_stage/z_i_sq_reg0/B[17:0] is not pipelined. Pipelining DSP48 input will improve performance.
Related violations: <none>

DPIP-1#40 Warning
Input pipelining  
DSP design_1_i/hdmi_test_pattern_0/inst/pipe[16].u_stage/z_mul_reg0 input design_1_i/hdmi_test_pattern_0/inst/pipe[16].u_stage/z_mul_reg0/A[29:0] is not pipelined. Pipelining DSP48 input will improve performance.
Related violations: <none>

DPIP-1#41 Warning
Input pipelining  
DSP design_1_i/hdmi_test_pattern_0/inst/pipe[16].u_stage/z_mul_reg0 input design_1_i/hdmi_test_pattern_0/inst/pipe[16].u_stage/z_mul_reg0/B[17:0] is not pipelined. Pipelining DSP48 input will improve performance.
Related violations: <none>

DPIP-1#42 Warning
Input pipelining  
DSP design_1_i/hdmi_test_pattern_0/inst/pipe[16].u_stage/z_r_sq_reg0 input design_1_i/hdmi_test_pattern_0/inst/pipe[16].u_stage/z_r_sq_reg0/A[29:0] is not pipelined. Pipelining DSP48 input will improve performance.
Related violations: <none>

DPIP-1#43 Warning
Input pipelining  
DSP design_1_i/hdmi_test_pattern_0/inst/pipe[16].u_stage/z_r_sq_reg0 input design_1_i/hdmi_test_pattern_0/inst/pipe[16].u_stage/z_r_sq_reg0/B[17:0] is not pipelined. Pipelining DSP48 input will improve performance.
Related violations: <none>

DPIP-1#44 Warning
Input pipelining  
DSP design_1_i/hdmi_test_pattern_0/inst/pipe[17].u_stage/z_i_sq_reg0 input design_1_i/hdmi_test_pattern_0/inst/pipe[17].u_stage/z_i_sq_reg0/A[29:0] is not pipelined. Pipelining DSP48 input will improve performance.
Related violations: <none>

DPIP-1#45 Warning
Input pipelining  
DSP design_1_i/hdmi_test_pattern_0/inst/pipe[17].u_stage/z_i_sq_reg0 input design_1_i/hdmi_test_pattern_0/inst/pipe[17].u_stage/z_i_sq_reg0/B[17:0] is not pipelined. Pipelining DSP48 input will improve performance.
Related violations: <none>

DPIP-1#46 Warning
Input pipelining  
DSP design_1_i/hdmi_test_pattern_0/inst/pipe[17].u_stage/z_mul_reg0 input design_1_i/hdmi_test_pattern_0/inst/pipe[17].u_stage/z_mul_reg0/A[29:0] is not pipelined. Pipelining DSP48 input will improve performance.
Related violations: <none>

DPIP-1#47 Warning
Input pipelining  
DSP design_1_i/hdmi_test_pattern_0/inst/pipe[17].u_stage/z_mul_reg0 input design_1_i/hdmi_test_pattern_0/inst/pipe[17].u_stage/z_mul_reg0/B[17:0] is not pipelined. Pipelining DSP48 input will improve performance.
Related violations: <none>

DPIP-1#48 Warning
Input pipelining  
DSP design_1_i/hdmi_test_pattern_0/inst/pipe[17].u_stage/z_r_sq_reg0 input design_1_i/hdmi_test_pattern_0/inst/pipe[17].u_stage/z_r_sq_reg0/A[29:0] is not pipelined. Pipelining DSP48 input will improve performance.
Related violations: <none>

DPIP-1#49 Warning
Input pipelining  
DSP design_1_i/hdmi_test_pattern_0/inst/pipe[17].u_stage/z_r_sq_reg0 input design_1_i/hdmi_test_pattern_0/inst/pipe[17].u_stage/z_r_sq_reg0/B[17:0] is not pipelined. Pipelining DSP48 input will improve performance.
Related violations: <none>

DPIP-1#50 Warning
Input pipelining  
DSP design_1_i/hdmi_test_pattern_0/inst/pipe[18].u_stage/z_i_sq_reg0 input design_1_i/hdmi_test_pattern_0/inst/pipe[18].u_stage/z_i_sq_reg0/A[29:0] is not pipelined. Pipelining DSP48 input will improve performance.
Related violations: <none>

DPIP-1#51 Warning
Input pipelining  
DSP design_1_i/hdmi_test_pattern_0/inst/pipe[18].u_stage/z_i_sq_reg0 input design_1_i/hdmi_test_pattern_0/inst/pipe[18].u_stage/z_i_sq_reg0/B[17:0] is not pipelined. Pipelining DSP48 input will improve performance.
Related violations: <none>

DPIP-1#52 Warning
Input pipelining  
DSP design_1_i/hdmi_test_pattern_0/inst/pipe[18].u_stage/z_mul_reg0 input design_1_i/hdmi_test_pattern_0/inst/pipe[18].u_stage/z_mul_reg0/A[29:0] is not pipelined. Pipelining DSP48 input will improve performance.
Related violations: <none>

DPIP-1#53 Warning
Input pipelining  
DSP design_1_i/hdmi_test_pattern_0/inst/pipe[18].u_stage/z_mul_reg0 input design_1_i/hdmi_test_pattern_0/inst/pipe[18].u_stage/z_mul_reg0/B[17:0] is not pipelined. Pipelining DSP48 input will improve performance.
Related violations: <none>

DPIP-1#54 Warning
Input pipelining  
DSP design_1_i/hdmi_test_pattern_0/inst/pipe[18].u_stage/z_r_sq_reg0 input design_1_i/hdmi_test_pattern_0/inst/pipe[18].u_stage/z_r_sq_reg0/A[29:0] is not pipelined. Pipelining DSP48 input will improve performance.
Related violations: <none>

DPIP-1#55 Warning
Input pipelining  
DSP design_1_i/hdmi_test_pattern_0/inst/pipe[18].u_stage/z_r_sq_reg0 input design_1_i/hdmi_test_pattern_0/inst/pipe[18].u_stage/z_r_sq_reg0/B[17:0] is not pipelined. Pipelining DSP48 input will improve performance.
Related violations: <none>

DPIP-1#56 Warning
Input pipelining  
DSP design_1_i/hdmi_test_pattern_0/inst/pipe[19].u_stage/z_i_sq_reg0 input design_1_i/hdmi_test_pattern_0/inst/pipe[19].u_stage/z_i_sq_reg0/A[29:0] is not pipelined. Pipelining DSP48 input will improve performance.
Related violations: <none>

DPIP-1#57 Warning
Input pipelining  
DSP design_1_i/hdmi_test_pattern_0/inst/pipe[19].u_stage/z_i_sq_reg0 input design_1_i/hdmi_test_pattern_0/inst/pipe[19].u_stage/z_i_sq_reg0/B[17:0] is not pipelined. Pipelining DSP48 input will improve performance.
Related violations: <none>

DPIP-1#58 Warning
Input pipelining  
DSP design_1_i/hdmi_test_pattern_0/inst/pipe[19].u_stage/z_r_sq_reg0 input design_1_i/hdmi_test_pattern_0/inst/pipe[19].u_stage/z_r_sq_reg0/A[29:0] is not pipelined. Pipelining DSP48 input will improve performance.
Related violations: <none>

DPIP-1#59 Warning
Input pipelining  
DSP design_1_i/hdmi_test_pattern_0/inst/pipe[19].u_stage/z_r_sq_reg0 input design_1_i/hdmi_test_pattern_0/inst/pipe[19].u_stage/z_r_sq_reg0/B[17:0] is not pipelined. Pipelining DSP48 input will improve performance.
Related violations: <none>

DPIP-1#60 Warning
Input pipelining  
DSP design_1_i/hdmi_test_pattern_0/inst/pipe[1].u_stage/z_i_sq_reg0 input design_1_i/hdmi_test_pattern_0/inst/pipe[1].u_stage/z_i_sq_reg0/A[29:0] is not pipelined. Pipelining DSP48 input will improve performance.
Related violations: <none>

DPIP-1#61 Warning
Input pipelining  
DSP design_1_i/hdmi_test_pattern_0/inst/pipe[1].u_stage/z_i_sq_reg0 input design_1_i/hdmi_test_pattern_0/inst/pipe[1].u_stage/z_i_sq_reg0/B[17:0] is not pipelined. Pipelining DSP48 input will improve performance.
Related violations: <none>

DPIP-1#62 Warning
Input pipelining  
DSP design_1_i/hdmi_test_pattern_0/inst/pipe[1].u_stage/z_mul_reg0 input design_1_i/hdmi_test_pattern_0/inst/pipe[1].u_stage/z_mul_reg0/A[29:0] is not pipelined. Pipelining DSP48 input will improve performance.
Related violations: <none>

DPIP-1#63 Warning
Input pipelining  
DSP design_1_i/hdmi_test_pattern_0/inst/pipe[1].u_stage/z_mul_reg0 input design_1_i/hdmi_test_pattern_0/inst/pipe[1].u_stage/z_mul_reg0/B[17:0] is not pipelined. Pipelining DSP48 input will improve performance.
Related violations: <none>

DPIP-1#64 Warning
Input pipelining  
DSP design_1_i/hdmi_test_pattern_0/inst/pipe[1].u_stage/z_r_sq_reg0 input design_1_i/hdmi_test_pattern_0/inst/pipe[1].u_stage/z_r_sq_reg0/A[29:0] is not pipelined. Pipelining DSP48 input will improve performance.
Related violations: <none>

DPIP-1#65 Warning
Input pipelining  
DSP design_1_i/hdmi_test_pattern_0/inst/pipe[1].u_stage/z_r_sq_reg0 input design_1_i/hdmi_test_pattern_0/inst/pipe[1].u_stage/z_r_sq_reg0/B[17:0] is not pipelined. Pipelining DSP48 input will improve performance.
Related violations: <none>

DPIP-1#66 Warning
Input pipelining  
DSP design_1_i/hdmi_test_pattern_0/inst/pipe[2].u_stage/z_i_sq_reg0 input design_1_i/hdmi_test_pattern_0/inst/pipe[2].u_stage/z_i_sq_reg0/A[29:0] is not pipelined. Pipelining DSP48 input will improve performance.
Related violations: <none>

DPIP-1#67 Warning
Input pipelining  
DSP design_1_i/hdmi_test_pattern_0/inst/pipe[2].u_stage/z_i_sq_reg0 input design_1_i/hdmi_test_pattern_0/inst/pipe[2].u_stage/z_i_sq_reg0/B[17:0] is not pipelined. Pipelining DSP48 input will improve performance.
Related violations: <none>

DPIP-1#68 Warning
Input pipelining  
DSP design_1_i/hdmi_test_pattern_0/inst/pipe[2].u_stage/z_mul_reg0 input design_1_i/hdmi_test_pattern_0/inst/pipe[2].u_stage/z_mul_reg0/A[29:0] is not pipelined. Pipelining DSP48 input will improve performance.
Related violations: <none>

DPIP-1#69 Warning
Input pipelining  
DSP design_1_i/hdmi_test_pattern_0/inst/pipe[2].u_stage/z_mul_reg0 input design_1_i/hdmi_test_pattern_0/inst/pipe[2].u_stage/z_mul_reg0/B[17:0] is not pipelined. Pipelining DSP48 input will improve performance.
Related violations: <none>

DPIP-1#70 Warning
Input pipelining  
DSP design_1_i/hdmi_test_pattern_0/inst/pipe[2].u_stage/z_r_sq_reg0 input design_1_i/hdmi_test_pattern_0/inst/pipe[2].u_stage/z_r_sq_reg0/A[29:0] is not pipelined. Pipelining DSP48 input will improve performance.
Related violations: <none>

DPIP-1#71 Warning
Input pipelining  
DSP design_1_i/hdmi_test_pattern_0/inst/pipe[2].u_stage/z_r_sq_reg0 input design_1_i/hdmi_test_pattern_0/inst/pipe[2].u_stage/z_r_sq_reg0/B[17:0] is not pipelined. Pipelining DSP48 input will improve performance.
Related violations: <none>

DPIP-1#72 Warning
Input pipelining  
DSP design_1_i/hdmi_test_pattern_0/inst/pipe[3].u_stage/z_i_sq_reg0 input design_1_i/hdmi_test_pattern_0/inst/pipe[3].u_stage/z_i_sq_reg0/A[29:0] is not pipelined. Pipelining DSP48 input will improve performance.
Related violations: <none>

DPIP-1#73 Warning
Input pipelining  
DSP design_1_i/hdmi_test_pattern_0/inst/pipe[3].u_stage/z_i_sq_reg0 input design_1_i/hdmi_test_pattern_0/inst/pipe[3].u_stage/z_i_sq_reg0/B[17:0] is not pipelined. Pipelining DSP48 input will improve performance.
Related violations: <none>

DPIP-1#74 Warning
Input pipelining  
DSP design_1_i/hdmi_test_pattern_0/inst/pipe[3].u_stage/z_mul_reg0 input design_1_i/hdmi_test_pattern_0/inst/pipe[3].u_stage/z_mul_reg0/A[29:0] is not pipelined. Pipelining DSP48 input will improve performance.
Related violations: <none>

DPIP-1#75 Warning
Input pipelining  
DSP design_1_i/hdmi_test_pattern_0/inst/pipe[3].u_stage/z_mul_reg0 input design_1_i/hdmi_test_pattern_0/inst/pipe[3].u_stage/z_mul_reg0/B[17:0] is not pipelined. Pipelining DSP48 input will improve performance.
Related violations: <none>

DPIP-1#76 Warning
Input pipelining  
DSP design_1_i/hdmi_test_pattern_0/inst/pipe[3].u_stage/z_r_sq_reg0 input design_1_i/hdmi_test_pattern_0/inst/pipe[3].u_stage/z_r_sq_reg0/A[29:0] is not pipelined. Pipelining DSP48 input will improve performance.
Related violations: <none>

DPIP-1#77 Warning
Input pipelining  
DSP design_1_i/hdmi_test_pattern_0/inst/pipe[3].u_stage/z_r_sq_reg0 input design_1_i/hdmi_test_pattern_0/inst/pipe[3].u_stage/z_r_sq_reg0/B[17:0] is not pipelined. Pipelining DSP48 input will improve performance.
Related violations: <none>

DPIP-1#78 Warning
Input pipelining  
DSP design_1_i/hdmi_test_pattern_0/inst/pipe[4].u_stage/z_i_sq_reg0 input design_1_i/hdmi_test_pattern_0/inst/pipe[4].u_stage/z_i_sq_reg0/A[29:0] is not pipelined. Pipelining DSP48 input will improve performance.
Related violations: <none>

DPIP-1#79 Warning
Input pipelining  
DSP design_1_i/hdmi_test_pattern_0/inst/pipe[4].u_stage/z_i_sq_reg0 input design_1_i/hdmi_test_pattern_0/inst/pipe[4].u_stage/z_i_sq_reg0/B[17:0] is not pipelined. Pipelining DSP48 input will improve performance.
Related violations: <none>

DPIP-1#80 Warning
Input pipelining  
DSP design_1_i/hdmi_test_pattern_0/inst/pipe[4].u_stage/z_mul_reg0 input design_1_i/hdmi_test_pattern_0/inst/pipe[4].u_stage/z_mul_reg0/A[29:0] is not pipelined. Pipelining DSP48 input will improve performance.
Related violations: <none>

DPIP-1#81 Warning
Input pipelining  
DSP design_1_i/hdmi_test_pattern_0/inst/pipe[4].u_stage/z_mul_reg0 input design_1_i/hdmi_test_pattern_0/inst/pipe[4].u_stage/z_mul_reg0/B[17:0] is not pipelined. Pipelining DSP48 input will improve performance.
Related violations: <none>

DPIP-1#82 Warning
Input pipelining  
DSP design_1_i/hdmi_test_pattern_0/inst/pipe[4].u_stage/z_r_sq_reg0 input design_1_i/hdmi_test_pattern_0/inst/pipe[4].u_stage/z_r_sq_reg0/A[29:0] is not pipelined. Pipelining DSP48 input will improve performance.
Related violations: <none>

DPIP-1#83 Warning
Input pipelining  
DSP design_1_i/hdmi_test_pattern_0/inst/pipe[4].u_stage/z_r_sq_reg0 input design_1_i/hdmi_test_pattern_0/inst/pipe[4].u_stage/z_r_sq_reg0/B[17:0] is not pipelined. Pipelining DSP48 input will improve performance.
Related violations: <none>

DPIP-1#84 Warning
Input pipelining  
DSP design_1_i/hdmi_test_pattern_0/inst/pipe[5].u_stage/z_i_sq_reg0 input design_1_i/hdmi_test_pattern_0/inst/pipe[5].u_stage/z_i_sq_reg0/A[29:0] is not pipelined. Pipelining DSP48 input will improve performance.
Related violations: <none>

DPIP-1#85 Warning
Input pipelining  
DSP design_1_i/hdmi_test_pattern_0/inst/pipe[5].u_stage/z_i_sq_reg0 input design_1_i/hdmi_test_pattern_0/inst/pipe[5].u_stage/z_i_sq_reg0/B[17:0] is not pipelined. Pipelining DSP48 input will improve performance.
Related violations: <none>

DPIP-1#86 Warning
Input pipelining  
DSP design_1_i/hdmi_test_pattern_0/inst/pipe[5].u_stage/z_mul_reg0 input design_1_i/hdmi_test_pattern_0/inst/pipe[5].u_stage/z_mul_reg0/A[29:0] is not pipelined. Pipelining DSP48 input will improve performance.
Related violations: <none>

DPIP-1#87 Warning
Input pipelining  
DSP design_1_i/hdmi_test_pattern_0/inst/pipe[5].u_stage/z_mul_reg0 input design_1_i/hdmi_test_pattern_0/inst/pipe[5].u_stage/z_mul_reg0/B[17:0] is not pipelined. Pipelining DSP48 input will improve performance.
Related violations: <none>

DPIP-1#88 Warning
Input pipelining  
DSP design_1_i/hdmi_test_pattern_0/inst/pipe[5].u_stage/z_r_sq_reg0 input design_1_i/hdmi_test_pattern_0/inst/pipe[5].u_stage/z_r_sq_reg0/A[29:0] is not pipelined. Pipelining DSP48 input will improve performance.
Related violations: <none>

DPIP-1#89 Warning
Input pipelining  
DSP design_1_i/hdmi_test_pattern_0/inst/pipe[5].u_stage/z_r_sq_reg0 input design_1_i/hdmi_test_pattern_0/inst/pipe[5].u_stage/z_r_sq_reg0/B[17:0] is not pipelined. Pipelining DSP48 input will improve performance.
Related violations: <none>

DPIP-1#90 Warning
Input pipelining  
DSP design_1_i/hdmi_test_pattern_0/inst/pipe[6].u_stage/z_i_sq_reg0 input design_1_i/hdmi_test_pattern_0/inst/pipe[6].u_stage/z_i_sq_reg0/A[29:0] is not pipelined. Pipelining DSP48 input will improve performance.
Related violations: <none>

DPIP-1#91 Warning
Input pipelining  
DSP design_1_i/hdmi_test_pattern_0/inst/pipe[6].u_stage/z_i_sq_reg0 input design_1_i/hdmi_test_pattern_0/inst/pipe[6].u_stage/z_i_sq_reg0/B[17:0] is not pipelined. Pipelining DSP48 input will improve performance.
Related violations: <none>

DPIP-1#92 Warning
Input pipelining  
DSP design_1_i/hdmi_test_pattern_0/inst/pipe[6].u_stage/z_mul_reg0 input design_1_i/hdmi_test_pattern_0/inst/pipe[6].u_stage/z_mul_reg0/A[29:0] is not pipelined. Pipelining DSP48 input will improve performance.
Related violations: <none>

DPIP-1#93 Warning
Input pipelining  
DSP design_1_i/hdmi_test_pattern_0/inst/pipe[6].u_stage/z_mul_reg0 input design_1_i/hdmi_test_pattern_0/inst/pipe[6].u_stage/z_mul_reg0/B[17:0] is not pipelined. Pipelining DSP48 input will improve performance.
Related violations: <none>

DPIP-1#94 Warning
Input pipelining  
DSP design_1_i/hdmi_test_pattern_0/inst/pipe[6].u_stage/z_r_sq_reg0 input design_1_i/hdmi_test_pattern_0/inst/pipe[6].u_stage/z_r_sq_reg0/A[29:0] is not pipelined. Pipelining DSP48 input will improve performance.
Related violations: <none>

DPIP-1#95 Warning
Input pipelining  
DSP design_1_i/hdmi_test_pattern_0/inst/pipe[6].u_stage/z_r_sq_reg0 input design_1_i/hdmi_test_pattern_0/inst/pipe[6].u_stage/z_r_sq_reg0/B[17:0] is not pipelined. Pipelining DSP48 input will improve performance.
Related violations: <none>

DPIP-1#96 Warning
Input pipelining  
DSP design_1_i/hdmi_test_pattern_0/inst/pipe[7].u_stage/z_i_sq_reg0 input design_1_i/hdmi_test_pattern_0/inst/pipe[7].u_stage/z_i_sq_reg0/A[29:0] is not pipelined. Pipelining DSP48 input will improve performance.
Related violations: <none>

DPIP-1#97 Warning
Input pipelining  
DSP design_1_i/hdmi_test_pattern_0/inst/pipe[7].u_stage/z_i_sq_reg0 input design_1_i/hdmi_test_pattern_0/inst/pipe[7].u_stage/z_i_sq_reg0/B[17:0] is not pipelined. Pipelining DSP48 input will improve performance.
Related violations: <none>

DPIP-1#98 Warning
Input pipelining  
DSP design_1_i/hdmi_test_pattern_0/inst/pipe[7].u_stage/z_mul_reg0 input design_1_i/hdmi_test_pattern_0/inst/pipe[7].u_stage/z_mul_reg0/A[29:0] is not pipelined. Pipelining DSP48 input will improve performance.
Related violations: <none>

DPIP-1#99 Warning
Input pipelining  
DSP design_1_i/hdmi_test_pattern_0/inst/pipe[7].u_stage/z_mul_reg0 input design_1_i/hdmi_test_pattern_0/inst/pipe[7].u_stage/z_mul_reg0/B[17:0] is not pipelined. Pipelining DSP48 input will improve performance.
Related violations: <none>

DPIP-1#100 Warning
Input pipelining  
DSP design_1_i/hdmi_test_pattern_0/inst/pipe[7].u_stage/z_r_sq_reg0 input design_1_i/hdmi_test_pattern_0/inst/pipe[7].u_stage/z_r_sq_reg0/A[29:0] is not pipelined. Pipelining DSP48 input will improve performance.
Related violations: <none>

DPIP-1#101 Warning
Input pipelining  
DSP design_1_i/hdmi_test_pattern_0/inst/pipe[7].u_stage/z_r_sq_reg0 input design_1_i/hdmi_test_pattern_0/inst/pipe[7].u_stage/z_r_sq_reg0/B[17:0] is not pipelined. Pipelining DSP48 input will improve performance.
Related violations: <none>

DPIP-1#102 Warning
Input pipelining  
DSP design_1_i/hdmi_test_pattern_0/inst/pipe[8].u_stage/z_i_sq_reg0 input design_1_i/hdmi_test_pattern_0/inst/pipe[8].u_stage/z_i_sq_reg0/A[29:0] is not pipelined. Pipelining DSP48 input will improve performance.
Related violations: <none>

DPIP-1#103 Warning
Input pipelining  
DSP design_1_i/hdmi_test_pattern_0/inst/pipe[8].u_stage/z_i_sq_reg0 input design_1_i/hdmi_test_pattern_0/inst/pipe[8].u_stage/z_i_sq_reg0/B[17:0] is not pipelined. Pipelining DSP48 input will improve performance.
Related violations: <none>

DPIP-1#104 Warning
Input pipelining  
DSP design_1_i/hdmi_test_pattern_0/inst/pipe[8].u_stage/z_mul_reg0 input design_1_i/hdmi_test_pattern_0/inst/pipe[8].u_stage/z_mul_reg0/A[29:0] is not pipelined. Pipelining DSP48 input will improve performance.
Related violations: <none>

DPIP-1#105 Warning
Input pipelining  
DSP design_1_i/hdmi_test_pattern_0/inst/pipe[8].u_stage/z_mul_reg0 input design_1_i/hdmi_test_pattern_0/inst/pipe[8].u_stage/z_mul_reg0/B[17:0] is not pipelined. Pipelining DSP48 input will improve performance.
Related violations: <none>

DPIP-1#106 Warning
Input pipelining  
DSP design_1_i/hdmi_test_pattern_0/inst/pipe[8].u_stage/z_r_sq_reg0 input design_1_i/hdmi_test_pattern_0/inst/pipe[8].u_stage/z_r_sq_reg0/A[29:0] is not pipelined. Pipelining DSP48 input will improve performance.
Related violations: <none>

DPIP-1#107 Warning
Input pipelining  
DSP design_1_i/hdmi_test_pattern_0/inst/pipe[8].u_stage/z_r_sq_reg0 input design_1_i/hdmi_test_pattern_0/inst/pipe[8].u_stage/z_r_sq_reg0/B[17:0] is not pipelined. Pipelining DSP48 input will improve performance.
Related violations: <none>

DPIP-1#108 Warning
Input pipelining  
DSP design_1_i/hdmi_test_pattern_0/inst/pipe[9].u_stage/z_i_sq_reg0 input design_1_i/hdmi_test_pattern_0/inst/pipe[9].u_stage/z_i_sq_reg0/A[29:0] is not pipelined. Pipelining DSP48 input will improve performance.
Related violations: <none>

DPIP-1#109 Warning
Input pipelining  
DSP design_1_i/hdmi_test_pattern_0/inst/pipe[9].u_stage/z_i_sq_reg0 input design_1_i/hdmi_test_pattern_0/inst/pipe[9].u_stage/z_i_sq_reg0/B[17:0] is not pipelined. Pipelining DSP48 input will improve performance.
Related violations: <none>

DPIP-1#110 Warning
Input pipelining  
DSP design_1_i/hdmi_test_pattern_0/inst/pipe[9].u_stage/z_mul_reg0 input design_1_i/hdmi_test_pattern_0/inst/pipe[9].u_stage/z_mul_reg0/A[29:0] is not pipelined. Pipelining DSP48 input will improve performance.
Related violations: <none>

DPIP-1#111 Warning
Input pipelining  
DSP design_1_i/hdmi_test_pattern_0/inst/pipe[9].u_stage/z_mul_reg0 input design_1_i/hdmi_test_pattern_0/inst/pipe[9].u_stage/z_mul_reg0/B[17:0] is not pipelined. Pipelining DSP48 input will improve performance.
Related violations: <none>

DPIP-1#112 Warning
Input pipelining  
DSP design_1_i/hdmi_test_pattern_0/inst/pipe[9].u_stage/z_r_sq_reg0 input design_1_i/hdmi_test_pattern_0/inst/pipe[9].u_stage/z_r_sq_reg0/A[29:0] is not pipelined. Pipelining DSP48 input will improve performance.
Related violations: <none>

DPIP-1#113 Warning
Input pipelining  
DSP design_1_i/hdmi_test_pattern_0/inst/pipe[9].u_stage/z_r_sq_reg0 input design_1_i/hdmi_test_pattern_0/inst/pipe[9].u_stage/z_r_sq_reg0/B[17:0] is not pipelined. Pipelining DSP48 input will improve performance.
Related violations: <none>

DPOP-1#1 Warning
PREG Output pipelining  
DSP design_1_i/hdmi_test_pattern_0/inst/c_r_init0 output design_1_i/hdmi_test_pattern_0/inst/c_r_init0/P[47:0] is not pipelined (PREG=0). Pipelining the DSP48 output will improve performance and often saves power so it is suggested whenever possible to fully pipeline this function.  If this DSP48 function was inferred, it is suggested to describe an additional register stage after this function.  If the DSP48 was instantiated in the design, it is suggested to set the PREG attribute to 1.
Related violations: <none>

DPOP-2#1 Warning
MREG Output pipelining  
DSP design_1_i/hdmi_test_pattern_0/inst/c_r_init0 multiplier stage design_1_i/hdmi_test_pattern_0/inst/c_r_init0/P[47:0] is not pipelined (MREG=0). Pipelining the multiplier function will improve performance and will save significant power so it is suggested whenever possible to fully pipeline this function.  If this multiplier was inferred, it is suggested to describe an additional register stage after this function.  If there is no registered adder/accumulator following the multiply function, two pipeline stages are suggested to allow both the MREG and PREG registers to be used.  If the DSP48 was instantiated in the design, it is suggested to set both the MREG and PREG attributes to 1 when performing multiply functions.
Related violations: <none>

DPOP-2#2 Warning
MREG Output pipelining  
DSP design_1_i/hdmi_test_pattern_0/inst/pipe[10].u_stage/z_i_sq_reg0 multiplier stage design_1_i/hdmi_test_pattern_0/inst/pipe[10].u_stage/z_i_sq_reg0/P[47:0] is not pipelined (MREG=0). Pipelining the multiplier function will improve performance and will save significant power so it is suggested whenever possible to fully pipeline this function.  If this multiplier was inferred, it is suggested to describe an additional register stage after this function.  If there is no registered adder/accumulator following the multiply function, two pipeline stages are suggested to allow both the MREG and PREG registers to be used.  If the DSP48 was instantiated in the design, it is suggested to set both the MREG and PREG attributes to 1 when performing multiply functions.
Related violations: <none>

DPOP-2#3 Warning
MREG Output pipelining  
DSP design_1_i/hdmi_test_pattern_0/inst/pipe[10].u_stage/z_mul_reg0 multiplier stage design_1_i/hdmi_test_pattern_0/inst/pipe[10].u_stage/z_mul_reg0/P[47:0] is not pipelined (MREG=0). Pipelining the multiplier function will improve performance and will save significant power so it is suggested whenever possible to fully pipeline this function.  If this multiplier was inferred, it is suggested to describe an additional register stage after this function.  If there is no registered adder/accumulator following the multiply function, two pipeline stages are suggested to allow both the MREG and PREG registers to be used.  If the DSP48 was instantiated in the design, it is suggested to set both the MREG and PREG attributes to 1 when performing multiply functions.
Related violations: <none>

DPOP-2#4 Warning
MREG Output pipelining  
DSP design_1_i/hdmi_test_pattern_0/inst/pipe[10].u_stage/z_r_sq_reg0 multiplier stage design_1_i/hdmi_test_pattern_0/inst/pipe[10].u_stage/z_r_sq_reg0/P[47:0] is not pipelined (MREG=0). Pipelining the multiplier function will improve performance and will save significant power so it is suggested whenever possible to fully pipeline this function.  If this multiplier was inferred, it is suggested to describe an additional register stage after this function.  If there is no registered adder/accumulator following the multiply function, two pipeline stages are suggested to allow both the MREG and PREG registers to be used.  If the DSP48 was instantiated in the design, it is suggested to set both the MREG and PREG attributes to 1 when performing multiply functions.
Related violations: <none>

DPOP-2#5 Warning
MREG Output pipelining  
DSP design_1_i/hdmi_test_pattern_0/inst/pipe[11].u_stage/z_i_sq_reg0 multiplier stage design_1_i/hdmi_test_pattern_0/inst/pipe[11].u_stage/z_i_sq_reg0/P[47:0] is not pipelined (MREG=0). Pipelining the multiplier function will improve performance and will save significant power so it is suggested whenever possible to fully pipeline this function.  If this multiplier was inferred, it is suggested to describe an additional register stage after this function.  If there is no registered adder/accumulator following the multiply function, two pipeline stages are suggested to allow both the MREG and PREG registers to be used.  If the DSP48 was instantiated in the design, it is suggested to set both the MREG and PREG attributes to 1 when performing multiply functions.
Related violations: <none>

DPOP-2#6 Warning
MREG Output pipelining  
DSP design_1_i/hdmi_test_pattern_0/inst/pipe[11].u_stage/z_mul_reg0 multiplier stage design_1_i/hdmi_test_pattern_0/inst/pipe[11].u_stage/z_mul_reg0/P[47:0] is not pipelined (MREG=0). Pipelining the multiplier function will improve performance and will save significant power so it is suggested whenever possible to fully pipeline this function.  If this multiplier was inferred, it is suggested to describe an additional register stage after this function.  If there is no registered adder/accumulator following the multiply function, two pipeline stages are suggested to allow both the MREG and PREG registers to be used.  If the DSP48 was instantiated in the design, it is suggested to set both the MREG and PREG attributes to 1 when performing multiply functions.
Related violations: <none>

DPOP-2#7 Warning
MREG Output pipelining  
DSP design_1_i/hdmi_test_pattern_0/inst/pipe[11].u_stage/z_r_sq_reg0 multiplier stage design_1_i/hdmi_test_pattern_0/inst/pipe[11].u_stage/z_r_sq_reg0/P[47:0] is not pipelined (MREG=0). Pipelining the multiplier function will improve performance and will save significant power so it is suggested whenever possible to fully pipeline this function.  If this multiplier was inferred, it is suggested to describe an additional register stage after this function.  If there is no registered adder/accumulator following the multiply function, two pipeline stages are suggested to allow both the MREG and PREG registers to be used.  If the DSP48 was instantiated in the design, it is suggested to set both the MREG and PREG attributes to 1 when performing multiply functions.
Related violations: <none>

DPOP-2#8 Warning
MREG Output pipelining  
DSP design_1_i/hdmi_test_pattern_0/inst/pipe[12].u_stage/z_i_sq_reg0 multiplier stage design_1_i/hdmi_test_pattern_0/inst/pipe[12].u_stage/z_i_sq_reg0/P[47:0] is not pipelined (MREG=0). Pipelining the multiplier function will improve performance and will save significant power so it is suggested whenever possible to fully pipeline this function.  If this multiplier was inferred, it is suggested to describe an additional register stage after this function.  If there is no registered adder/accumulator following the multiply function, two pipeline stages are suggested to allow both the MREG and PREG registers to be used.  If the DSP48 was instantiated in the design, it is suggested to set both the MREG and PREG attributes to 1 when performing multiply functions.
Related violations: <none>

DPOP-2#9 Warning
MREG Output pipelining  
DSP design_1_i/hdmi_test_pattern_0/inst/pipe[12].u_stage/z_mul_reg0 multiplier stage design_1_i/hdmi_test_pattern_0/inst/pipe[12].u_stage/z_mul_reg0/P[47:0] is not pipelined (MREG=0). Pipelining the multiplier function will improve performance and will save significant power so it is suggested whenever possible to fully pipeline this function.  If this multiplier was inferred, it is suggested to describe an additional register stage after this function.  If there is no registered adder/accumulator following the multiply function, two pipeline stages are suggested to allow both the MREG and PREG registers to be used.  If the DSP48 was instantiated in the design, it is suggested to set both the MREG and PREG attributes to 1 when performing multiply functions.
Related violations: <none>

DPOP-2#10 Warning
MREG Output pipelining  
DSP design_1_i/hdmi_test_pattern_0/inst/pipe[12].u_stage/z_r_sq_reg0 multiplier stage design_1_i/hdmi_test_pattern_0/inst/pipe[12].u_stage/z_r_sq_reg0/P[47:0] is not pipelined (MREG=0). Pipelining the multiplier function will improve performance and will save significant power so it is suggested whenever possible to fully pipeline this function.  If this multiplier was inferred, it is suggested to describe an additional register stage after this function.  If there is no registered adder/accumulator following the multiply function, two pipeline stages are suggested to allow both the MREG and PREG registers to be used.  If the DSP48 was instantiated in the design, it is suggested to set both the MREG and PREG attributes to 1 when performing multiply functions.
Related violations: <none>

DPOP-2#11 Warning
MREG Output pipelining  
DSP design_1_i/hdmi_test_pattern_0/inst/pipe[13].u_stage/z_i_sq_reg0 multiplier stage design_1_i/hdmi_test_pattern_0/inst/pipe[13].u_stage/z_i_sq_reg0/P[47:0] is not pipelined (MREG=0). Pipelining the multiplier function will improve performance and will save significant power so it is suggested whenever possible to fully pipeline this function.  If this multiplier was inferred, it is suggested to describe an additional register stage after this function.  If there is no registered adder/accumulator following the multiply function, two pipeline stages are suggested to allow both the MREG and PREG registers to be used.  If the DSP48 was instantiated in the design, it is suggested to set both the MREG and PREG attributes to 1 when performing multiply functions.
Related violations: <none>

DPOP-2#12 Warning
MREG Output pipelining  
DSP design_1_i/hdmi_test_pattern_0/inst/pipe[13].u_stage/z_mul_reg0 multiplier stage design_1_i/hdmi_test_pattern_0/inst/pipe[13].u_stage/z_mul_reg0/P[47:0] is not pipelined (MREG=0). Pipelining the multiplier function will improve performance and will save significant power so it is suggested whenever possible to fully pipeline this function.  If this multiplier was inferred, it is suggested to describe an additional register stage after this function.  If there is no registered adder/accumulator following the multiply function, two pipeline stages are suggested to allow both the MREG and PREG registers to be used.  If the DSP48 was instantiated in the design, it is suggested to set both the MREG and PREG attributes to 1 when performing multiply functions.
Related violations: <none>

DPOP-2#13 Warning
MREG Output pipelining  
DSP design_1_i/hdmi_test_pattern_0/inst/pipe[13].u_stage/z_r_sq_reg0 multiplier stage design_1_i/hdmi_test_pattern_0/inst/pipe[13].u_stage/z_r_sq_reg0/P[47:0] is not pipelined (MREG=0). Pipelining the multiplier function will improve performance and will save significant power so it is suggested whenever possible to fully pipeline this function.  If this multiplier was inferred, it is suggested to describe an additional register stage after this function.  If there is no registered adder/accumulator following the multiply function, two pipeline stages are suggested to allow both the MREG and PREG registers to be used.  If the DSP48 was instantiated in the design, it is suggested to set both the MREG and PREG attributes to 1 when performing multiply functions.
Related violations: <none>

DPOP-2#14 Warning
MREG Output pipelining  
DSP design_1_i/hdmi_test_pattern_0/inst/pipe[14].u_stage/z_i_sq_reg0 multiplier stage design_1_i/hdmi_test_pattern_0/inst/pipe[14].u_stage/z_i_sq_reg0/P[47:0] is not pipelined (MREG=0). Pipelining the multiplier function will improve performance and will save significant power so it is suggested whenever possible to fully pipeline this function.  If this multiplier was inferred, it is suggested to describe an additional register stage after this function.  If there is no registered adder/accumulator following the multiply function, two pipeline stages are suggested to allow both the MREG and PREG registers to be used.  If the DSP48 was instantiated in the design, it is suggested to set both the MREG and PREG attributes to 1 when performing multiply functions.
Related violations: <none>

DPOP-2#15 Warning
MREG Output pipelining  
DSP design_1_i/hdmi_test_pattern_0/inst/pipe[14].u_stage/z_mul_reg0 multiplier stage design_1_i/hdmi_test_pattern_0/inst/pipe[14].u_stage/z_mul_reg0/P[47:0] is not pipelined (MREG=0). Pipelining the multiplier function will improve performance and will save significant power so it is suggested whenever possible to fully pipeline this function.  If this multiplier was inferred, it is suggested to describe an additional register stage after this function.  If there is no registered adder/accumulator following the multiply function, two pipeline stages are suggested to allow both the MREG and PREG registers to be used.  If the DSP48 was instantiated in the design, it is suggested to set both the MREG and PREG attributes to 1 when performing multiply functions.
Related violations: <none>

DPOP-2#16 Warning
MREG Output pipelining  
DSP design_1_i/hdmi_test_pattern_0/inst/pipe[14].u_stage/z_r_sq_reg0 multiplier stage design_1_i/hdmi_test_pattern_0/inst/pipe[14].u_stage/z_r_sq_reg0/P[47:0] is not pipelined (MREG=0). Pipelining the multiplier function will improve performance and will save significant power so it is suggested whenever possible to fully pipeline this function.  If this multiplier was inferred, it is suggested to describe an additional register stage after this function.  If there is no registered adder/accumulator following the multiply function, two pipeline stages are suggested to allow both the MREG and PREG registers to be used.  If the DSP48 was instantiated in the design, it is suggested to set both the MREG and PREG attributes to 1 when performing multiply functions.
Related violations: <none>

DPOP-2#17 Warning
MREG Output pipelining  
DSP design_1_i/hdmi_test_pattern_0/inst/pipe[15].u_stage/z_i_sq_reg0 multiplier stage design_1_i/hdmi_test_pattern_0/inst/pipe[15].u_stage/z_i_sq_reg0/P[47:0] is not pipelined (MREG=0). Pipelining the multiplier function will improve performance and will save significant power so it is suggested whenever possible to fully pipeline this function.  If this multiplier was inferred, it is suggested to describe an additional register stage after this function.  If there is no registered adder/accumulator following the multiply function, two pipeline stages are suggested to allow both the MREG and PREG registers to be used.  If the DSP48 was instantiated in the design, it is suggested to set both the MREG and PREG attributes to 1 when performing multiply functions.
Related violations: <none>

DPOP-2#18 Warning
MREG Output pipelining  
DSP design_1_i/hdmi_test_pattern_0/inst/pipe[15].u_stage/z_mul_reg0 multiplier stage design_1_i/hdmi_test_pattern_0/inst/pipe[15].u_stage/z_mul_reg0/P[47:0] is not pipelined (MREG=0). Pipelining the multiplier function will improve performance and will save significant power so it is suggested whenever possible to fully pipeline this function.  If this multiplier was inferred, it is suggested to describe an additional register stage after this function.  If there is no registered adder/accumulator following the multiply function, two pipeline stages are suggested to allow both the MREG and PREG registers to be used.  If the DSP48 was instantiated in the design, it is suggested to set both the MREG and PREG attributes to 1 when performing multiply functions.
Related violations: <none>

DPOP-2#19 Warning
MREG Output pipelining  
DSP design_1_i/hdmi_test_pattern_0/inst/pipe[15].u_stage/z_r_sq_reg0 multiplier stage design_1_i/hdmi_test_pattern_0/inst/pipe[15].u_stage/z_r_sq_reg0/P[47:0] is not pipelined (MREG=0). Pipelining the multiplier function will improve performance and will save significant power so it is suggested whenever possible to fully pipeline this function.  If this multiplier was inferred, it is suggested to describe an additional register stage after this function.  If there is no registered adder/accumulator following the multiply function, two pipeline stages are suggested to allow both the MREG and PREG registers to be used.  If the DSP48 was instantiated in the design, it is suggested to set both the MREG and PREG attributes to 1 when performing multiply functions.
Related violations: <none>

DPOP-2#20 Warning
MREG Output pipelining  
DSP design_1_i/hdmi_test_pattern_0/inst/pipe[16].u_stage/z_i_sq_reg0 multiplier stage design_1_i/hdmi_test_pattern_0/inst/pipe[16].u_stage/z_i_sq_reg0/P[47:0] is not pipelined (MREG=0). Pipelining the multiplier function will improve performance and will save significant power so it is suggested whenever possible to fully pipeline this function.  If this multiplier was inferred, it is suggested to describe an additional register stage after this function.  If there is no registered adder/accumulator following the multiply function, two pipeline stages are suggested to allow both the MREG and PREG registers to be used.  If the DSP48 was instantiated in the design, it is suggested to set both the MREG and PREG attributes to 1 when performing multiply functions.
Related violations: <none>

DPOP-2#21 Warning
MREG Output pipelining  
DSP design_1_i/hdmi_test_pattern_0/inst/pipe[16].u_stage/z_mul_reg0 multiplier stage design_1_i/hdmi_test_pattern_0/inst/pipe[16].u_stage/z_mul_reg0/P[47:0] is not pipelined (MREG=0). Pipelining the multiplier function will improve performance and will save significant power so it is suggested whenever possible to fully pipeline this function.  If this multiplier was inferred, it is suggested to describe an additional register stage after this function.  If there is no registered adder/accumulator following the multiply function, two pipeline stages are suggested to allow both the MREG and PREG registers to be used.  If the DSP48 was instantiated in the design, it is suggested to set both the MREG and PREG attributes to 1 when performing multiply functions.
Related violations: <none>

DPOP-2#22 Warning
MREG Output pipelining  
DSP design_1_i/hdmi_test_pattern_0/inst/pipe[16].u_stage/z_r_sq_reg0 multiplier stage design_1_i/hdmi_test_pattern_0/inst/pipe[16].u_stage/z_r_sq_reg0/P[47:0] is not pipelined (MREG=0). Pipelining the multiplier function will improve performance and will save significant power so it is suggested whenever possible to fully pipeline this function.  If this multiplier was inferred, it is suggested to describe an additional register stage after this function.  If there is no registered adder/accumulator following the multiply function, two pipeline stages are suggested to allow both the MREG and PREG registers to be used.  If the DSP48 was instantiated in the design, it is suggested to set both the MREG and PREG attributes to 1 when performing multiply functions.
Related violations: <none>

DPOP-2#23 Warning
MREG Output pipelining  
DSP design_1_i/hdmi_test_pattern_0/inst/pipe[17].u_stage/z_i_sq_reg0 multiplier stage design_1_i/hdmi_test_pattern_0/inst/pipe[17].u_stage/z_i_sq_reg0/P[47:0] is not pipelined (MREG=0). Pipelining the multiplier function will improve performance and will save significant power so it is suggested whenever possible to fully pipeline this function.  If this multiplier was inferred, it is suggested to describe an additional register stage after this function.  If there is no registered adder/accumulator following the multiply function, two pipeline stages are suggested to allow both the MREG and PREG registers to be used.  If the DSP48 was instantiated in the design, it is suggested to set both the MREG and PREG attributes to 1 when performing multiply functions.
Related violations: <none>

DPOP-2#24 Warning
MREG Output pipelining  
DSP design_1_i/hdmi_test_pattern_0/inst/pipe[17].u_stage/z_mul_reg0 multiplier stage design_1_i/hdmi_test_pattern_0/inst/pipe[17].u_stage/z_mul_reg0/P[47:0] is not pipelined (MREG=0). Pipelining the multiplier function will improve performance and will save significant power so it is suggested whenever possible to fully pipeline this function.  If this multiplier was inferred, it is suggested to describe an additional register stage after this function.  If there is no registered adder/accumulator following the multiply function, two pipeline stages are suggested to allow both the MREG and PREG registers to be used.  If the DSP48 was instantiated in the design, it is suggested to set both the MREG and PREG attributes to 1 when performing multiply functions.
Related violations: <none>

DPOP-2#25 Warning
MREG Output pipelining  
DSP design_1_i/hdmi_test_pattern_0/inst/pipe[17].u_stage/z_r_sq_reg0 multiplier stage design_1_i/hdmi_test_pattern_0/inst/pipe[17].u_stage/z_r_sq_reg0/P[47:0] is not pipelined (MREG=0). Pipelining the multiplier function will improve performance and will save significant power so it is suggested whenever possible to fully pipeline this function.  If this multiplier was inferred, it is suggested to describe an additional register stage after this function.  If there is no registered adder/accumulator following the multiply function, two pipeline stages are suggested to allow both the MREG and PREG registers to be used.  If the DSP48 was instantiated in the design, it is suggested to set both the MREG and PREG attributes to 1 when performing multiply functions.
Related violations: <none>

DPOP-2#26 Warning
MREG Output pipelining  
DSP design_1_i/hdmi_test_pattern_0/inst/pipe[18].u_stage/z_i_sq_reg0 multiplier stage design_1_i/hdmi_test_pattern_0/inst/pipe[18].u_stage/z_i_sq_reg0/P[47:0] is not pipelined (MREG=0). Pipelining the multiplier function will improve performance and will save significant power so it is suggested whenever possible to fully pipeline this function.  If this multiplier was inferred, it is suggested to describe an additional register stage after this function.  If there is no registered adder/accumulator following the multiply function, two pipeline stages are suggested to allow both the MREG and PREG registers to be used.  If the DSP48 was instantiated in the design, it is suggested to set both the MREG and PREG attributes to 1 when performing multiply functions.
Related violations: <none>

DPOP-2#27 Warning
MREG Output pipelining  
DSP design_1_i/hdmi_test_pattern_0/inst/pipe[18].u_stage/z_mul_reg0 multiplier stage design_1_i/hdmi_test_pattern_0/inst/pipe[18].u_stage/z_mul_reg0/P[47:0] is not pipelined (MREG=0). Pipelining the multiplier function will improve performance and will save significant power so it is suggested whenever possible to fully pipeline this function.  If this multiplier was inferred, it is suggested to describe an additional register stage after this function.  If there is no registered adder/accumulator following the multiply function, two pipeline stages are suggested to allow both the MREG and PREG registers to be used.  If the DSP48 was instantiated in the design, it is suggested to set both the MREG and PREG attributes to 1 when performing multiply functions.
Related violations: <none>

DPOP-2#28 Warning
MREG Output pipelining  
DSP design_1_i/hdmi_test_pattern_0/inst/pipe[18].u_stage/z_r_sq_reg0 multiplier stage design_1_i/hdmi_test_pattern_0/inst/pipe[18].u_stage/z_r_sq_reg0/P[47:0] is not pipelined (MREG=0). Pipelining the multiplier function will improve performance and will save significant power so it is suggested whenever possible to fully pipeline this function.  If this multiplier was inferred, it is suggested to describe an additional register stage after this function.  If there is no registered adder/accumulator following the multiply function, two pipeline stages are suggested to allow both the MREG and PREG registers to be used.  If the DSP48 was instantiated in the design, it is suggested to set both the MREG and PREG attributes to 1 when performing multiply functions.
Related violations: <none>

DPOP-2#29 Warning
MREG Output pipelining  
DSP design_1_i/hdmi_test_pattern_0/inst/pipe[19].u_stage/z_i_sq_reg0 multiplier stage design_1_i/hdmi_test_pattern_0/inst/pipe[19].u_stage/z_i_sq_reg0/P[47:0] is not pipelined (MREG=0). Pipelining the multiplier function will improve performance and will save significant power so it is suggested whenever possible to fully pipeline this function.  If this multiplier was inferred, it is suggested to describe an additional register stage after this function.  If there is no registered adder/accumulator following the multiply function, two pipeline stages are suggested to allow both the MREG and PREG registers to be used.  If the DSP48 was instantiated in the design, it is suggested to set both the MREG and PREG attributes to 1 when performing multiply functions.
Related violations: <none>

DPOP-2#30 Warning
MREG Output pipelining  
DSP design_1_i/hdmi_test_pattern_0/inst/pipe[19].u_stage/z_r_sq_reg0 multiplier stage design_1_i/hdmi_test_pattern_0/inst/pipe[19].u_stage/z_r_sq_reg0/P[47:0] is not pipelined (MREG=0). Pipelining the multiplier function will improve performance and will save significant power so it is suggested whenever possible to fully pipeline this function.  If this multiplier was inferred, it is suggested to describe an additional register stage after this function.  If there is no registered adder/accumulator following the multiply function, two pipeline stages are suggested to allow both the MREG and PREG registers to be used.  If the DSP48 was instantiated in the design, it is suggested to set both the MREG and PREG attributes to 1 when performing multiply functions.
Related violations: <none>

DPOP-2#31 Warning
MREG Output pipelining  
DSP design_1_i/hdmi_test_pattern_0/inst/pipe[1].u_stage/z_i_sq_reg0 multiplier stage design_1_i/hdmi_test_pattern_0/inst/pipe[1].u_stage/z_i_sq_reg0/P[47:0] is not pipelined (MREG=0). Pipelining the multiplier function will improve performance and will save significant power so it is suggested whenever possible to fully pipeline this function.  If this multiplier was inferred, it is suggested to describe an additional register stage after this function.  If there is no registered adder/accumulator following the multiply function, two pipeline stages are suggested to allow both the MREG and PREG registers to be used.  If the DSP48 was instantiated in the design, it is suggested to set both the MREG and PREG attributes to 1 when performing multiply functions.
Related violations: <none>

DPOP-2#32 Warning
MREG Output pipelining  
DSP design_1_i/hdmi_test_pattern_0/inst/pipe[1].u_stage/z_mul_reg0 multiplier stage design_1_i/hdmi_test_pattern_0/inst/pipe[1].u_stage/z_mul_reg0/P[47:0] is not pipelined (MREG=0). Pipelining the multiplier function will improve performance and will save significant power so it is suggested whenever possible to fully pipeline this function.  If this multiplier was inferred, it is suggested to describe an additional register stage after this function.  If there is no registered adder/accumulator following the multiply function, two pipeline stages are suggested to allow both the MREG and PREG registers to be used.  If the DSP48 was instantiated in the design, it is suggested to set both the MREG and PREG attributes to 1 when performing multiply functions.
Related violations: <none>

DPOP-2#33 Warning
MREG Output pipelining  
DSP design_1_i/hdmi_test_pattern_0/inst/pipe[1].u_stage/z_r_sq_reg0 multiplier stage design_1_i/hdmi_test_pattern_0/inst/pipe[1].u_stage/z_r_sq_reg0/P[47:0] is not pipelined (MREG=0). Pipelining the multiplier function will improve performance and will save significant power so it is suggested whenever possible to fully pipeline this function.  If this multiplier was inferred, it is suggested to describe an additional register stage after this function.  If there is no registered adder/accumulator following the multiply function, two pipeline stages are suggested to allow both the MREG and PREG registers to be used.  If the DSP48 was instantiated in the design, it is suggested to set both the MREG and PREG attributes to 1 when performing multiply functions.
Related violations: <none>

DPOP-2#34 Warning
MREG Output pipelining  
DSP design_1_i/hdmi_test_pattern_0/inst/pipe[2].u_stage/z_i_sq_reg0 multiplier stage design_1_i/hdmi_test_pattern_0/inst/pipe[2].u_stage/z_i_sq_reg0/P[47:0] is not pipelined (MREG=0). Pipelining the multiplier function will improve performance and will save significant power so it is suggested whenever possible to fully pipeline this function.  If this multiplier was inferred, it is suggested to describe an additional register stage after this function.  If there is no registered adder/accumulator following the multiply function, two pipeline stages are suggested to allow both the MREG and PREG registers to be used.  If the DSP48 was instantiated in the design, it is suggested to set both the MREG and PREG attributes to 1 when performing multiply functions.
Related violations: <none>

DPOP-2#35 Warning
MREG Output pipelining  
DSP design_1_i/hdmi_test_pattern_0/inst/pipe[2].u_stage/z_mul_reg0 multiplier stage design_1_i/hdmi_test_pattern_0/inst/pipe[2].u_stage/z_mul_reg0/P[47:0] is not pipelined (MREG=0). Pipelining the multiplier function will improve performance and will save significant power so it is suggested whenever possible to fully pipeline this function.  If this multiplier was inferred, it is suggested to describe an additional register stage after this function.  If there is no registered adder/accumulator following the multiply function, two pipeline stages are suggested to allow both the MREG and PREG registers to be used.  If the DSP48 was instantiated in the design, it is suggested to set both the MREG and PREG attributes to 1 when performing multiply functions.
Related violations: <none>

DPOP-2#36 Warning
MREG Output pipelining  
DSP design_1_i/hdmi_test_pattern_0/inst/pipe[2].u_stage/z_r_sq_reg0 multiplier stage design_1_i/hdmi_test_pattern_0/inst/pipe[2].u_stage/z_r_sq_reg0/P[47:0] is not pipelined (MREG=0). Pipelining the multiplier function will improve performance and will save significant power so it is suggested whenever possible to fully pipeline this function.  If this multiplier was inferred, it is suggested to describe an additional register stage after this function.  If there is no registered adder/accumulator following the multiply function, two pipeline stages are suggested to allow both the MREG and PREG registers to be used.  If the DSP48 was instantiated in the design, it is suggested to set both the MREG and PREG attributes to 1 when performing multiply functions.
Related violations: <none>

DPOP-2#37 Warning
MREG Output pipelining  
DSP design_1_i/hdmi_test_pattern_0/inst/pipe[3].u_stage/z_i_sq_reg0 multiplier stage design_1_i/hdmi_test_pattern_0/inst/pipe[3].u_stage/z_i_sq_reg0/P[47:0] is not pipelined (MREG=0). Pipelining the multiplier function will improve performance and will save significant power so it is suggested whenever possible to fully pipeline this function.  If this multiplier was inferred, it is suggested to describe an additional register stage after this function.  If there is no registered adder/accumulator following the multiply function, two pipeline stages are suggested to allow both the MREG and PREG registers to be used.  If the DSP48 was instantiated in the design, it is suggested to set both the MREG and PREG attributes to 1 when performing multiply functions.
Related violations: <none>

DPOP-2#38 Warning
MREG Output pipelining  
DSP design_1_i/hdmi_test_pattern_0/inst/pipe[3].u_stage/z_mul_reg0 multiplier stage design_1_i/hdmi_test_pattern_0/inst/pipe[3].u_stage/z_mul_reg0/P[47:0] is not pipelined (MREG=0). Pipelining the multiplier function will improve performance and will save significant power so it is suggested whenever possible to fully pipeline this function.  If this multiplier was inferred, it is suggested to describe an additional register stage after this function.  If there is no registered adder/accumulator following the multiply function, two pipeline stages are suggested to allow both the MREG and PREG registers to be used.  If the DSP48 was instantiated in the design, it is suggested to set both the MREG and PREG attributes to 1 when performing multiply functions.
Related violations: <none>

DPOP-2#39 Warning
MREG Output pipelining  
DSP design_1_i/hdmi_test_pattern_0/inst/pipe[3].u_stage/z_r_sq_reg0 multiplier stage design_1_i/hdmi_test_pattern_0/inst/pipe[3].u_stage/z_r_sq_reg0/P[47:0] is not pipelined (MREG=0). Pipelining the multiplier function will improve performance and will save significant power so it is suggested whenever possible to fully pipeline this function.  If this multiplier was inferred, it is suggested to describe an additional register stage after this function.  If there is no registered adder/accumulator following the multiply function, two pipeline stages are suggested to allow both the MREG and PREG registers to be used.  If the DSP48 was instantiated in the design, it is suggested to set both the MREG and PREG attributes to 1 when performing multiply functions.
Related violations: <none>

DPOP-2#40 Warning
MREG Output pipelining  
DSP design_1_i/hdmi_test_pattern_0/inst/pipe[4].u_stage/z_i_sq_reg0 multiplier stage design_1_i/hdmi_test_pattern_0/inst/pipe[4].u_stage/z_i_sq_reg0/P[47:0] is not pipelined (MREG=0). Pipelining the multiplier function will improve performance and will save significant power so it is suggested whenever possible to fully pipeline this function.  If this multiplier was inferred, it is suggested to describe an additional register stage after this function.  If there is no registered adder/accumulator following the multiply function, two pipeline stages are suggested to allow both the MREG and PREG registers to be used.  If the DSP48 was instantiated in the design, it is suggested to set both the MREG and PREG attributes to 1 when performing multiply functions.
Related violations: <none>

DPOP-2#41 Warning
MREG Output pipelining  
DSP design_1_i/hdmi_test_pattern_0/inst/pipe[4].u_stage/z_mul_reg0 multiplier stage design_1_i/hdmi_test_pattern_0/inst/pipe[4].u_stage/z_mul_reg0/P[47:0] is not pipelined (MREG=0). Pipelining the multiplier function will improve performance and will save significant power so it is suggested whenever possible to fully pipeline this function.  If this multiplier was inferred, it is suggested to describe an additional register stage after this function.  If there is no registered adder/accumulator following the multiply function, two pipeline stages are suggested to allow both the MREG and PREG registers to be used.  If the DSP48 was instantiated in the design, it is suggested to set both the MREG and PREG attributes to 1 when performing multiply functions.
Related violations: <none>

DPOP-2#42 Warning
MREG Output pipelining  
DSP design_1_i/hdmi_test_pattern_0/inst/pipe[4].u_stage/z_r_sq_reg0 multiplier stage design_1_i/hdmi_test_pattern_0/inst/pipe[4].u_stage/z_r_sq_reg0/P[47:0] is not pipelined (MREG=0). Pipelining the multiplier function will improve performance and will save significant power so it is suggested whenever possible to fully pipeline this function.  If this multiplier was inferred, it is suggested to describe an additional register stage after this function.  If there is no registered adder/accumulator following the multiply function, two pipeline stages are suggested to allow both the MREG and PREG registers to be used.  If the DSP48 was instantiated in the design, it is suggested to set both the MREG and PREG attributes to 1 when performing multiply functions.
Related violations: <none>

DPOP-2#43 Warning
MREG Output pipelining  
DSP design_1_i/hdmi_test_pattern_0/inst/pipe[5].u_stage/z_i_sq_reg0 multiplier stage design_1_i/hdmi_test_pattern_0/inst/pipe[5].u_stage/z_i_sq_reg0/P[47:0] is not pipelined (MREG=0). Pipelining the multiplier function will improve performance and will save significant power so it is suggested whenever possible to fully pipeline this function.  If this multiplier was inferred, it is suggested to describe an additional register stage after this function.  If there is no registered adder/accumulator following the multiply function, two pipeline stages are suggested to allow both the MREG and PREG registers to be used.  If the DSP48 was instantiated in the design, it is suggested to set both the MREG and PREG attributes to 1 when performing multiply functions.
Related violations: <none>

DPOP-2#44 Warning
MREG Output pipelining  
DSP design_1_i/hdmi_test_pattern_0/inst/pipe[5].u_stage/z_mul_reg0 multiplier stage design_1_i/hdmi_test_pattern_0/inst/pipe[5].u_stage/z_mul_reg0/P[47:0] is not pipelined (MREG=0). Pipelining the multiplier function will improve performance and will save significant power so it is suggested whenever possible to fully pipeline this function.  If this multiplier was inferred, it is suggested to describe an additional register stage after this function.  If there is no registered adder/accumulator following the multiply function, two pipeline stages are suggested to allow both the MREG and PREG registers to be used.  If the DSP48 was instantiated in the design, it is suggested to set both the MREG and PREG attributes to 1 when performing multiply functions.
Related violations: <none>

DPOP-2#45 Warning
MREG Output pipelining  
DSP design_1_i/hdmi_test_pattern_0/inst/pipe[5].u_stage/z_r_sq_reg0 multiplier stage design_1_i/hdmi_test_pattern_0/inst/pipe[5].u_stage/z_r_sq_reg0/P[47:0] is not pipelined (MREG=0). Pipelining the multiplier function will improve performance and will save significant power so it is suggested whenever possible to fully pipeline this function.  If this multiplier was inferred, it is suggested to describe an additional register stage after this function.  If there is no registered adder/accumulator following the multiply function, two pipeline stages are suggested to allow both the MREG and PREG registers to be used.  If the DSP48 was instantiated in the design, it is suggested to set both the MREG and PREG attributes to 1 when performing multiply functions.
Related violations: <none>

DPOP-2#46 Warning
MREG Output pipelining  
DSP design_1_i/hdmi_test_pattern_0/inst/pipe[6].u_stage/z_i_sq_reg0 multiplier stage design_1_i/hdmi_test_pattern_0/inst/pipe[6].u_stage/z_i_sq_reg0/P[47:0] is not pipelined (MREG=0). Pipelining the multiplier function will improve performance and will save significant power so it is suggested whenever possible to fully pipeline this function.  If this multiplier was inferred, it is suggested to describe an additional register stage after this function.  If there is no registered adder/accumulator following the multiply function, two pipeline stages are suggested to allow both the MREG and PREG registers to be used.  If the DSP48 was instantiated in the design, it is suggested to set both the MREG and PREG attributes to 1 when performing multiply functions.
Related violations: <none>

DPOP-2#47 Warning
MREG Output pipelining  
DSP design_1_i/hdmi_test_pattern_0/inst/pipe[6].u_stage/z_mul_reg0 multiplier stage design_1_i/hdmi_test_pattern_0/inst/pipe[6].u_stage/z_mul_reg0/P[47:0] is not pipelined (MREG=0). Pipelining the multiplier function will improve performance and will save significant power so it is suggested whenever possible to fully pipeline this function.  If this multiplier was inferred, it is suggested to describe an additional register stage after this function.  If there is no registered adder/accumulator following the multiply function, two pipeline stages are suggested to allow both the MREG and PREG registers to be used.  If the DSP48 was instantiated in the design, it is suggested to set both the MREG and PREG attributes to 1 when performing multiply functions.
Related violations: <none>

DPOP-2#48 Warning
MREG Output pipelining  
DSP design_1_i/hdmi_test_pattern_0/inst/pipe[6].u_stage/z_r_sq_reg0 multiplier stage design_1_i/hdmi_test_pattern_0/inst/pipe[6].u_stage/z_r_sq_reg0/P[47:0] is not pipelined (MREG=0). Pipelining the multiplier function will improve performance and will save significant power so it is suggested whenever possible to fully pipeline this function.  If this multiplier was inferred, it is suggested to describe an additional register stage after this function.  If there is no registered adder/accumulator following the multiply function, two pipeline stages are suggested to allow both the MREG and PREG registers to be used.  If the DSP48 was instantiated in the design, it is suggested to set both the MREG and PREG attributes to 1 when performing multiply functions.
Related violations: <none>

DPOP-2#49 Warning
MREG Output pipelining  
DSP design_1_i/hdmi_test_pattern_0/inst/pipe[7].u_stage/z_i_sq_reg0 multiplier stage design_1_i/hdmi_test_pattern_0/inst/pipe[7].u_stage/z_i_sq_reg0/P[47:0] is not pipelined (MREG=0). Pipelining the multiplier function will improve performance and will save significant power so it is suggested whenever possible to fully pipeline this function.  If this multiplier was inferred, it is suggested to describe an additional register stage after this function.  If there is no registered adder/accumulator following the multiply function, two pipeline stages are suggested to allow both the MREG and PREG registers to be used.  If the DSP48 was instantiated in the design, it is suggested to set both the MREG and PREG attributes to 1 when performing multiply functions.
Related violations: <none>

DPOP-2#50 Warning
MREG Output pipelining  
DSP design_1_i/hdmi_test_pattern_0/inst/pipe[7].u_stage/z_mul_reg0 multiplier stage design_1_i/hdmi_test_pattern_0/inst/pipe[7].u_stage/z_mul_reg0/P[47:0] is not pipelined (MREG=0). Pipelining the multiplier function will improve performance and will save significant power so it is suggested whenever possible to fully pipeline this function.  If this multiplier was inferred, it is suggested to describe an additional register stage after this function.  If there is no registered adder/accumulator following the multiply function, two pipeline stages are suggested to allow both the MREG and PREG registers to be used.  If the DSP48 was instantiated in the design, it is suggested to set both the MREG and PREG attributes to 1 when performing multiply functions.
Related violations: <none>

DPOP-2#51 Warning
MREG Output pipelining  
DSP design_1_i/hdmi_test_pattern_0/inst/pipe[7].u_stage/z_r_sq_reg0 multiplier stage design_1_i/hdmi_test_pattern_0/inst/pipe[7].u_stage/z_r_sq_reg0/P[47:0] is not pipelined (MREG=0). Pipelining the multiplier function will improve performance and will save significant power so it is suggested whenever possible to fully pipeline this function.  If this multiplier was inferred, it is suggested to describe an additional register stage after this function.  If there is no registered adder/accumulator following the multiply function, two pipeline stages are suggested to allow both the MREG and PREG registers to be used.  If the DSP48 was instantiated in the design, it is suggested to set both the MREG and PREG attributes to 1 when performing multiply functions.
Related violations: <none>

DPOP-2#52 Warning
MREG Output pipelining  
DSP design_1_i/hdmi_test_pattern_0/inst/pipe[8].u_stage/z_i_sq_reg0 multiplier stage design_1_i/hdmi_test_pattern_0/inst/pipe[8].u_stage/z_i_sq_reg0/P[47:0] is not pipelined (MREG=0). Pipelining the multiplier function will improve performance and will save significant power so it is suggested whenever possible to fully pipeline this function.  If this multiplier was inferred, it is suggested to describe an additional register stage after this function.  If there is no registered adder/accumulator following the multiply function, two pipeline stages are suggested to allow both the MREG and PREG registers to be used.  If the DSP48 was instantiated in the design, it is suggested to set both the MREG and PREG attributes to 1 when performing multiply functions.
Related violations: <none>

DPOP-2#53 Warning
MREG Output pipelining  
DSP design_1_i/hdmi_test_pattern_0/inst/pipe[8].u_stage/z_mul_reg0 multiplier stage design_1_i/hdmi_test_pattern_0/inst/pipe[8].u_stage/z_mul_reg0/P[47:0] is not pipelined (MREG=0). Pipelining the multiplier function will improve performance and will save significant power so it is suggested whenever possible to fully pipeline this function.  If this multiplier was inferred, it is suggested to describe an additional register stage after this function.  If there is no registered adder/accumulator following the multiply function, two pipeline stages are suggested to allow both the MREG and PREG registers to be used.  If the DSP48 was instantiated in the design, it is suggested to set both the MREG and PREG attributes to 1 when performing multiply functions.
Related violations: <none>

DPOP-2#54 Warning
MREG Output pipelining  
DSP design_1_i/hdmi_test_pattern_0/inst/pipe[8].u_stage/z_r_sq_reg0 multiplier stage design_1_i/hdmi_test_pattern_0/inst/pipe[8].u_stage/z_r_sq_reg0/P[47:0] is not pipelined (MREG=0). Pipelining the multiplier function will improve performance and will save significant power so it is suggested whenever possible to fully pipeline this function.  If this multiplier was inferred, it is suggested to describe an additional register stage after this function.  If there is no registered adder/accumulator following the multiply function, two pipeline stages are suggested to allow both the MREG and PREG registers to be used.  If the DSP48 was instantiated in the design, it is suggested to set both the MREG and PREG attributes to 1 when performing multiply functions.
Related violations: <none>

DPOP-2#55 Warning
MREG Output pipelining  
DSP design_1_i/hdmi_test_pattern_0/inst/pipe[9].u_stage/z_i_sq_reg0 multiplier stage design_1_i/hdmi_test_pattern_0/inst/pipe[9].u_stage/z_i_sq_reg0/P[47:0] is not pipelined (MREG=0). Pipelining the multiplier function will improve performance and will save significant power so it is suggested whenever possible to fully pipeline this function.  If this multiplier was inferred, it is suggested to describe an additional register stage after this function.  If there is no registered adder/accumulator following the multiply function, two pipeline stages are suggested to allow both the MREG and PREG registers to be used.  If the DSP48 was instantiated in the design, it is suggested to set both the MREG and PREG attributes to 1 when performing multiply functions.
Related violations: <none>

DPOP-2#56 Warning
MREG Output pipelining  
DSP design_1_i/hdmi_test_pattern_0/inst/pipe[9].u_stage/z_mul_reg0 multiplier stage design_1_i/hdmi_test_pattern_0/inst/pipe[9].u_stage/z_mul_reg0/P[47:0] is not pipelined (MREG=0). Pipelining the multiplier function will improve performance and will save significant power so it is suggested whenever possible to fully pipeline this function.  If this multiplier was inferred, it is suggested to describe an additional register stage after this function.  If there is no registered adder/accumulator following the multiply function, two pipeline stages are suggested to allow both the MREG and PREG registers to be used.  If the DSP48 was instantiated in the design, it is suggested to set both the MREG and PREG attributes to 1 when performing multiply functions.
Related violations: <none>

DPOP-2#57 Warning
MREG Output pipelining  
DSP design_1_i/hdmi_test_pattern_0/inst/pipe[9].u_stage/z_r_sq_reg0 multiplier stage design_1_i/hdmi_test_pattern_0/inst/pipe[9].u_stage/z_r_sq_reg0/P[47:0] is not pipelined (MREG=0). Pipelining the multiplier function will improve performance and will save significant power so it is suggested whenever possible to fully pipeline this function.  If this multiplier was inferred, it is suggested to describe an additional register stage after this function.  If there is no registered adder/accumulator following the multiply function, two pipeline stages are suggested to allow both the MREG and PREG registers to be used.  If the DSP48 was instantiated in the design, it is suggested to set both the MREG and PREG attributes to 1 when performing multiply functions.
Related violations: <none>

PDCN-1569#1 Warning
LUT equation term check  
Used physical LUT pin 'A1' of cell dbg_hub/inst/BSCANID.u_xsdbm_id/SWITCH_N_EXT_BSCAN.bscan_switch/temp_curid[31]_i_1 (pin dbg_hub/inst/BSCANID.u_xsdbm_id/SWITCH_N_EXT_BSCAN.bscan_switch/temp_curid[31]_i_1/I1) is not included in the LUT equation: 'O5=(A5*A2)+(A5*(~A2)*(~A4))+((~A5))'. If this cell is a user instantiated LUT in the design, please remove connectivity to the pin or change the equation and/or INIT string of the LUT to prevent this issue. If the cell is inferred or IP created LUT, please regenerate the IP and/or resynthesize the design to attempt to correct the issue.
Related violations: <none>

PDCN-1569#2 Warning
LUT equation term check  
Used physical LUT pin 'A1' of cell design_1_i/axi_mem_intercon/s00_couplers/auto_pc/inst/gen_axi4_axi3.axi3_conv_inst/USE_WRITE.write_addr_inst/USE_BURSTS.cmd_queue/inst/fifo_gen_inst/inst_fifo_gen/gconvfifo.rf/grf.rf/gntv_or_sync_fifo.gl0.rd/gr1.gr1_int.rfwft/gpregsm1.user_valid_i_1 (pin design_1_i/axi_mem_intercon/s00_couplers/auto_pc/inst/gen_axi4_axi3.axi3_conv_inst/USE_WRITE.write_addr_inst/USE_BURSTS.cmd_queue/inst/fifo_gen_inst/inst_fifo_gen/gconvfifo.rf/grf.rf/gntv_or_sync_fifo.gl0.rd/gr1.gr1_int.rfwft/gpregsm1.user_valid_i_1/I1) is not included in the LUT equation: 'O6=(A5)+((~A5)*(~A6)*A4)'. If this cell is a user instantiated LUT in the design, please remove connectivity to the pin or change the equation and/or INIT string of the LUT to prevent this issue. If the cell is inferred or IP created LUT, please regenerate the IP and/or resynthesize the design to attempt to correct the issue.
Related violations: <none>

PDCN-1569#3 Warning
LUT equation term check  
Used physical LUT pin 'A2' of cell dbg_hub/inst/BSCANID.u_xsdbm_id/SWITCH_N_EXT_BSCAN.id_state[0]_i_1 (pin dbg_hub/inst/BSCANID.u_xsdbm_id/SWITCH_N_EXT_BSCAN.id_state[0]_i_1/I0) is not included in the LUT equation: 'O6=(A6+~A6)*((A1))'. If this cell is a user instantiated LUT in the design, please remove connectivity to the pin or change the equation and/or INIT string of the LUT to prevent this issue. If the cell is inferred or IP created LUT, please regenerate the IP and/or resynthesize the design to attempt to correct the issue.
Related violations: <none>

PDCN-1569#4 Warning
LUT equation term check  
Used physical LUT pin 'A3' of cell dbg_hub/inst/BSCANID.u_xsdbm_id/SWITCH_N_EXT_BSCAN.bscan_switch/temp_curid[31]_i_1 (pin dbg_hub/inst/BSCANID.u_xsdbm_id/SWITCH_N_EXT_BSCAN.bscan_switch/temp_curid[31]_i_1/I0) is not included in the LUT equation: 'O5=(A5*A2)+(A5*(~A2)*(~A4))+((~A5))'. If this cell is a user instantiated LUT in the design, please remove connectivity to the pin or change the equation and/or INIT string of the LUT to prevent this issue. If the cell is inferred or IP created LUT, please regenerate the IP and/or resynthesize the design to attempt to correct the issue.
Related violations: <none>

PDCN-1569#5 Warning
LUT equation term check  
Used physical LUT pin 'A3' of cell design_1_i/axi_mem_intercon/s00_couplers/auto_pc/inst/gen_axi4_axi3.axi3_conv_inst/USE_WRITE.write_addr_inst/USE_B_CHANNEL.cmd_b_queue/inst/fifo_gen_inst/inst_fifo_gen/gconvfifo.rf/grf.rf/gntv_or_sync_fifo.gl0.rd/gr1.gr1_int.rfwft/gpregsm1.user_valid_i_1 (pin design_1_i/axi_mem_intercon/s00_couplers/auto_pc/inst/gen_axi4_axi3.axi3_conv_inst/USE_WRITE.write_addr_inst/USE_B_CHANNEL.cmd_b_queue/inst/fifo_gen_inst/inst_fifo_gen/gconvfifo.rf/grf.rf/gntv_or_sync_fifo.gl0.rd/gr1.gr1_int.rfwft/gpregsm1.user_valid_i_1/I1) is not included in the LUT equation: 'O6=(A2)+((~A2)*(~A6)*A4)'. If this cell is a user instantiated LUT in the design, please remove connectivity to the pin or change the equation and/or INIT string of the LUT to prevent this issue. If the cell is inferred or IP created LUT, please regenerate the IP and/or resynthesize the design to attempt to correct the issue.
Related violations: <none>

RTSTAT-10#1 Warning
No routable loads  
47 net(s) have no routable loads. The problem bus(es) and/or net(s) are dbg_hub/inst/BSCANID.u_xsdbm_id/CORE_XSDB.UUT_MASTER/U_ICON_INTERFACE/U_CMD1/ctl_reg_en_2[1],
dbg_hub/inst/BSCANID.u_xsdbm_id/CORE_XSDB.UUT_MASTER/U_ICON_INTERFACE/U_CMD6_RD/U_RD_FIFO/SUBCORE_FIFO.xsdbm_v3_0_0_rdfifo_inst/inst_fifo_gen/gconvfifo.rf/grf.rf/gntv_or_sync_fifo.gl0.rd/gr1.gr1_int.rfwft/aempty_fwft_i,
dbg_hub/inst/BSCANID.u_xsdbm_id/CORE_XSDB.UUT_MASTER/U_ICON_INTERFACE/U_CMD6_RD/U_RD_FIFO/SUBCORE_FIFO.xsdbm_v3_0_0_rdfifo_inst/inst_fifo_gen/gconvfifo.rf/grf.rf/gntv_or_sync_fifo.gl0.wr/gwhf.whf/overflow,
dbg_hub/inst/BSCANID.u_xsdbm_id/CORE_XSDB.UUT_MASTER/U_ICON_INTERFACE/U_CMD6_WR/U_WR_FIFO/SUBCORE_FIFO.xsdbm_v3_0_0_wrfifo_inst/inst_fifo_gen/gconvfifo.rf/grf.rf/gntv_or_sync_fifo.gl0.wr/gwhf.whf/overflow,
dbg_hub/inst/BSCANID.u_xsdbm_id/CORE_XSDB.UUT_MASTER/U_ICON_INTERFACE/U_CMD7_CTL/ctl_reg[2:0],
dbg_hub/inst/BSCANID.u_xsdbm_id/CORE_XSDB.UUT_MASTER/U_ICON_INTERFACE/U_CMD7_CTL/ctl_reg_en_2[1],
dbg_hub/inst/BSCANID.u_xsdbm_id/SWITCH_N_EXT_BSCAN.bscan_switch/m_bscan_capture[0],
dbg_hub/inst/BSCANID.u_xsdbm_id/SWITCH_N_EXT_BSCAN.bscan_switch/m_bscan_drck[0],
dbg_hub/inst/BSCANID.u_xsdbm_id/SWITCH_N_EXT_BSCAN.bscan_switch/m_bscan_runtest[0],
design_1_i/axi_mem_intercon/s00_couplers/auto_pc/inst/gen_axi4_axi3.axi3_conv_inst/USE_WRITE.write_addr_inst/USE_BURSTS.cmd_queue/inst/fifo_gen_inst/inst_fifo_gen/gconvfifo.rf/grf.rf/gntv_or_sync_fifo.gl0.rd/gr1.gr1_int.rfwft/aempty_fwft_i,
design_1_i/axi_mem_intercon/s00_couplers/auto_pc/inst/gen_axi4_axi3.axi3_conv_inst/USE_WRITE.write_addr_inst/USE_BURSTS.cmd_queue/inst/fifo_gen_inst/inst_fifo_gen/gconvfifo.rf/grf.rf/gntv_or_sync_fifo.gl0.wr/gwss.wsts/ram_afull_fb,
design_1_i/axi_mem_intercon/s00_couplers/auto_pc/inst/gen_axi4_axi3.axi3_conv_inst/USE_WRITE.write_addr_inst/USE_BURSTS.cmd_queue/inst/fifo_gen_inst/inst_fifo_gen/gconvfifo.rf/grf.rf/gntv_or_sync_fifo.gl0.wr/gwss.wsts/ram_afull_i,
design_1_i/axi_mem_intercon/s00_couplers/auto_pc/inst/gen_axi4_axi3.axi3_conv_inst/USE_WRITE.write_addr_inst/USE_B_CHANNEL.cmd_b_queue/inst/fifo_gen_inst/inst_fifo_gen/gconvfifo.rf/grf.rf/gntv_or_sync_fifo.gl0.rd/gr1.gr1_int.rfwft/aempty_fwft_i,
design_1_i/axi_mem_intercon/s00_couplers/auto_pc/inst/gen_axi4_axi3.axi3_conv_inst/USE_WRITE.write_addr_inst/USE_B_CHANNEL.cmd_b_queue/inst/fifo_gen_inst/inst_fifo_gen/gconvfifo.rf/grf.rf/gntv_or_sync_fifo.gl0.wr/gwss.wsts/ram_afull_fb,
design_1_i/axi_mem_intercon/s00_couplers/auto_pc/inst/gen_axi4_axi3.axi3_conv_inst/USE_WRITE.write_addr_inst/USE_B_CHANNEL.cmd_b_queue/inst/fifo_gen_inst/inst_fifo_gen/gconvfifo.rf/grf.rf/gntv_or_sync_fifo.gl0.wr/gwss.wsts/ram_afull_i
 (the first 15 of 37 listed).
Related violations: <none>


